<?xml version="1.0" encoding="ISO-8859-1" ?>
<link_info>
   <banner>TI ARM Clang Linker PC v4.0.4.LTS</banner>
   <copyright>Copyright (c) 1996-2018 Texas Instruments Incorporated</copyright>
   <command_line>C:\Users\jagod\ccs\tools\compiler\ti-cgt-armllvm_4.0.4.LTS\bin\tiarmlnk -IC:\Users\jagod\ccs\tools\compiler\ti-cgt-armllvm_4.0.4.LTS\lib -o timx_timer_mode_pwm_edge_sleep.out -mtimx_timer_mode_pwm_edge_sleep.map -iC:/TI/mspm0_sdk_2_10_00_04/source -iC:/Users/jagod/workspace_ccstheia/timx_timer_mode_pwm_edge_sleep -iC:/Users/jagod/workspace_ccstheia/timx_timer_mode_pwm_edge_sleep/Debug/syscfg -iC:/Users/jagod/ccs/tools/compiler/ti-cgt-armllvm_4.0.4.LTS/lib --diag_wrap=off --display_error_number --warn_sections --xml_link_info=timx_timer_mode_pwm_edge_sleep_linkInfo.xml --rom_model ./main.o ./ws2812.o ./ti_msp_dl_config.o ./startup_mspm0g350x_ticlang.o -l./device_linker.cmd -ldevice.cmd.genlibs -llibc.a --start-group -llibc++.a -llibc++abi.a -llibc.a -llibsys.a -llibsysbm.a -llibclang_rt.builtins.a -llibclang_rt.profile.a --end-group --cg_opt_level=2</command_line>
   <link_time>0x69fa8397</link_time>
   <link_errors>0x0</link_errors>
   <output_file>C:\Users\jagod\workspace_ccstheia\timx_timer_mode_pwm_edge_sleep\Debug\timx_timer_mode_pwm_edge_sleep.out</output_file>
   <entry_point>
      <name>_c_int00_noargs</name>
      <address>0x1b11</address>
   </entry_point>
   <input_file_list>
      <input_file id="fl-1">
         <path>C:\Users\jagod\workspace_ccstheia\timx_timer_mode_pwm_edge_sleep\Debug\.\</path>
         <kind>object</kind>
         <file>main.o</file>
         <name>main.o</name>
      </input_file>
      <input_file id="fl-2">
         <path>C:\Users\jagod\workspace_ccstheia\timx_timer_mode_pwm_edge_sleep\Debug\.\</path>
         <kind>object</kind>
         <file>ws2812.o</file>
         <name>ws2812.o</name>
      </input_file>
      <input_file id="fl-3">
         <path>C:\Users\jagod\workspace_ccstheia\timx_timer_mode_pwm_edge_sleep\Debug\.\</path>
         <kind>object</kind>
         <file>ti_msp_dl_config.o</file>
         <name>ti_msp_dl_config.o</name>
      </input_file>
      <input_file id="fl-4">
         <path>C:\Users\jagod\workspace_ccstheia\timx_timer_mode_pwm_edge_sleep\Debug\.\</path>
         <kind>object</kind>
         <file>startup_mspm0g350x_ticlang.o</file>
         <name>startup_mspm0g350x_ticlang.o</name>
      </input_file>
      <input_file id="fl-11">
         <path>C:\Users\jagod\workspace_ccstheia\timx_timer_mode_pwm_edge_sleep\Debug\</path>
         <kind>object</kind>
         <file>&lt;internal&gt;</file>
         <name>&lt;internal&gt;</name>
      </input_file>
      <input_file id="fl-12">
         <path>C:\TI\mspm0_sdk_2_10_00_04\source\ti\driverlib\lib\ticlang\m0p\mspm0g1x0x_g3x0x\</path>
         <kind>archive</kind>
         <file>driverlib.a</file>
         <name>dl_common.o</name>
      </input_file>
      <input_file id="fl-13">
         <path>C:\TI\mspm0_sdk_2_10_00_04\source\ti\driverlib\lib\ticlang\m0p\mspm0g1x0x_g3x0x\</path>
         <kind>archive</kind>
         <file>driverlib.a</file>
         <name>dl_dma.o</name>
      </input_file>
      <input_file id="fl-14">
         <path>C:\TI\mspm0_sdk_2_10_00_04\source\ti\driverlib\lib\ticlang\m0p\mspm0g1x0x_g3x0x\</path>
         <kind>archive</kind>
         <file>driverlib.a</file>
         <name>dl_timer.o</name>
      </input_file>
      <input_file id="fl-15">
         <path>C:\TI\mspm0_sdk_2_10_00_04\source\ti\driverlib\lib\ticlang\m0p\mspm0g1x0x_g3x0x\</path>
         <kind>archive</kind>
         <file>driverlib.a</file>
         <name>dl_sysctl_mspm0g1x0x_g3x0x.o</name>
      </input_file>
      <input_file id="fl-2c">
         <path>C:\Users\jagod\ccs\tools\compiler\ti-cgt-armllvm_4.0.4.LTS\lib\armv6m-ti-none-eabi\c\</path>
         <kind>archive</kind>
         <file>libc.a</file>
         <name>boot_cortex_m.c.obj</name>
      </input_file>
      <input_file id="fl-2d">
         <path>C:\Users\jagod\ccs\tools\compiler\ti-cgt-armllvm_4.0.4.LTS\lib\armv6m-ti-none-eabi\c\</path>
         <kind>archive</kind>
         <file>libc.a</file>
         <name>mathacl_init.c.obj</name>
      </input_file>
      <input_file id="fl-2e">
         <path>C:\Users\jagod\ccs\tools\compiler\ti-cgt-armllvm_4.0.4.LTS\lib\armv6m-ti-none-eabi\c\</path>
         <kind>archive</kind>
         <file>libc.a</file>
         <name>autoinit.c.obj</name>
      </input_file>
      <input_file id="fl-2f">
         <path>C:\Users\jagod\ccs\tools\compiler\ti-cgt-armllvm_4.0.4.LTS\lib\armv6m-ti-none-eabi\c\</path>
         <kind>archive</kind>
         <file>libc.a</file>
         <name>pre_init.c.obj</name>
      </input_file>
      <input_file id="fl-30">
         <path>C:\Users\jagod\ccs\tools\compiler\ti-cgt-armllvm_4.0.4.LTS\lib\armv6m-ti-none-eabi\c\</path>
         <kind>archive</kind>
         <file>libc.a</file>
         <name>cpy_tbl.c.obj</name>
      </input_file>
      <input_file id="fl-31">
         <path>C:\Users\jagod\ccs\tools\compiler\ti-cgt-armllvm_4.0.4.LTS\lib\armv6m-ti-none-eabi\c\</path>
         <kind>archive</kind>
         <file>libc.a</file>
         <name>copy_zero_init.c.obj</name>
      </input_file>
      <input_file id="fl-32">
         <path>C:\Users\jagod\ccs\tools\compiler\ti-cgt-armllvm_4.0.4.LTS\lib\armv6m-ti-none-eabi\c\</path>
         <kind>archive</kind>
         <file>libc.a</file>
         <name>copy_decompress_none.c.obj</name>
      </input_file>
      <input_file id="fl-33">
         <path>C:\Users\jagod\ccs\tools\compiler\ti-cgt-armllvm_4.0.4.LTS\lib\armv6m-ti-none-eabi\c\</path>
         <kind>archive</kind>
         <file>libc.a</file>
         <name>copy_decompress_lzss.c.obj</name>
      </input_file>
      <input_file id="fl-34">
         <path>C:\Users\jagod\ccs\tools\compiler\ti-cgt-armllvm_4.0.4.LTS\lib\armv6m-ti-none-eabi\c\</path>
         <kind>archive</kind>
         <file>libc.a</file>
         <name>exit.c.obj</name>
      </input_file>
      <input_file id="fl-35">
         <path>C:\Users\jagod\ccs\tools\compiler\ti-cgt-armllvm_4.0.4.LTS\lib\armv6m-ti-none-eabi\c\</path>
         <kind>archive</kind>
         <file>libc.a</file>
         <name>_lock.c.obj</name>
      </input_file>
      <input_file id="fl-36">
         <path>C:\Users\jagod\ccs\tools\compiler\ti-cgt-armllvm_4.0.4.LTS\lib\armv6m-ti-none-eabi\c\</path>
         <kind>archive</kind>
         <file>libc.a</file>
         <name>args_main.c.obj</name>
      </input_file>
      <input_file id="fl-d6">
         <path>C:\Users\jagod\ccs\tools\compiler\ti-cgt-armllvm_4.0.4.LTS\lib\armv6m-ti-none-eabi\c\</path>
         <kind>archive</kind>
         <file>libsysbm.a</file>
         <name>hostexit.c.obj</name>
      </input_file>
      <input_file id="fl-d7">
         <path>C:\Users\jagod\ccs\tools\compiler\ti-cgt-armllvm_4.0.4.LTS\lib\armv6m-ti-none-eabi\</path>
         <kind>archive</kind>
         <file>libclang_rt.builtins.a</file>
         <name>aeabi_memcpy.S.obj</name>
      </input_file>
      <input_file id="fl-d8">
         <path>C:\Users\jagod\ccs\tools\compiler\ti-cgt-armllvm_4.0.4.LTS\lib\armv6m-ti-none-eabi\</path>
         <kind>archive</kind>
         <file>libclang_rt.builtins.a</file>
         <name>aeabi_memset.S.obj</name>
      </input_file>
      <input_file id="fl-d9">
         <path>C:\Users\jagod\ccs\tools\compiler\ti-cgt-armllvm_4.0.4.LTS\lib\armv6m-ti-none-eabi\</path>
         <kind>archive</kind>
         <file>libclang_rt.builtins.a</file>
         <name>aeabi_uidivmod.S.obj</name>
      </input_file>
      <input_file id="fl-da">
         <path>C:\Users\jagod\ccs\tools\compiler\ti-cgt-armllvm_4.0.4.LTS\lib\armv6m-ti-none-eabi\</path>
         <kind>archive</kind>
         <file>libclang_rt.builtins.a</file>
         <name>aeabi_div0.c.obj</name>
      </input_file>
      <input_file id="fl-db">
         <path>C:\Users\jagod\ccs\tools\compiler\ti-cgt-armllvm_4.0.4.LTS\lib\armv6m-ti-none-eabi\c\</path>
         <kind>archive</kind>
         <file>libc.a</file>
         <name>memcpy16.S.obj</name>
      </input_file>
      <input_file id="fl-dc">
         <path>C:\Users\jagod\ccs\tools\compiler\ti-cgt-armllvm_4.0.4.LTS\lib\armv6m-ti-none-eabi\c\</path>
         <kind>archive</kind>
         <file>libc.a</file>
         <name>memset16.S.obj</name>
      </input_file>
   </input_file_list>
   <object_component_list>
      <object_component id="oc-18">
         <name>.intvecs</name>
         <load_address>0x0</load_address>
         <readonly>true</readonly>
         <run_address>0x0</run_address>
         <size>0xc0</size>
         <alignment>0x4</alignment>
         <input_file_ref idref="fl-4"/>
      </object_component>
      <object_component id="oc-70">
         <name>.text.main</name>
         <load_address>0xc0</load_address>
         <readonly>true</readonly>
         <executable>true</executable>
         <run_address>0xc0</run_address>
         <size>0xf80</size>
         <alignment>0x4</alignment>
         <input_file_ref idref="fl-1"/>
      </object_component>
      <object_component id="oc-e3">
         <name>.text.SYSCFG_DL_SYSCTL_SYSPLL_init</name>
         <load_address>0x1040</load_address>
         <readonly>true</readonly>
         <executable>true</executable>
         <run_address>0x1040</run_address>
         <size>0x2a8</size>
         <alignment>0x4</alignment>
         <input_file_ref idref="fl-3"/>
      </object_component>
      <object_component id="oc-92">
         <name>.text.WS2812_Send</name>
         <load_address>0x12e8</load_address>
         <readonly>true</readonly>
         <executable>true</executable>
         <run_address>0x12e8</run_address>
         <size>0x204</size>
         <alignment>0x4</alignment>
         <input_file_ref idref="fl-2"/>
      </object_component>
      <object_component id="oc-ec">
         <name>.text.DL_Timer_initFourCCPWMMode</name>
         <load_address>0x14ec</load_address>
         <readonly>true</readonly>
         <executable>true</executable>
         <run_address>0x14ec</run_address>
         <size>0x104</size>
         <alignment>0x4</alignment>
         <input_file_ref idref="fl-14"/>
      </object_component>
      <object_component id="oc-dd">
         <name>.text.DL_SYSCTL_configSYSPLL</name>
         <load_address>0x15f0</load_address>
         <readonly>true</readonly>
         <executable>true</executable>
         <run_address>0x15f0</run_address>
         <size>0xdc</size>
         <alignment>0x4</alignment>
         <input_file_ref idref="fl-15"/>
      </object_component>
      <object_component id="oc-84">
         <name>.text:memcpy</name>
         <load_address>0x16cc</load_address>
         <readonly>true</readonly>
         <executable>true</executable>
         <run_address>0x16cc</run_address>
         <size>0x9a</size>
         <alignment>0x1</alignment>
         <input_file_ref idref="fl-db"/>
      </object_component>
      <object_component id="oc-33">
         <name>.text.Default_Handler</name>
         <load_address>0x1766</load_address>
         <readonly>true</readonly>
         <executable>true</executable>
         <run_address>0x1766</run_address>
         <size>0x2</size>
         <alignment>0x2</alignment>
         <input_file_ref idref="fl-4"/>
      </object_component>
      <object_component id="oc-b9">
         <name>.text.SYSCFG_DL_SYSCTL_init</name>
         <load_address>0x1768</load_address>
         <readonly>true</readonly>
         <executable>true</executable>
         <run_address>0x1768</run_address>
         <size>0x90</size>
         <alignment>0x4</alignment>
         <input_file_ref idref="fl-3"/>
      </object_component>
      <object_component id="oc-bb">
         <name>.text.SYSCFG_DL_PWM_WS2812_init</name>
         <load_address>0x17f8</load_address>
         <readonly>true</readonly>
         <executable>true</executable>
         <run_address>0x17f8</run_address>
         <size>0x7c</size>
         <alignment>0x4</alignment>
         <input_file_ref idref="fl-3"/>
      </object_component>
      <object_component id="oc-1c">
         <name>.text:decompress:lzss</name>
         <load_address>0x1874</load_address>
         <readonly>true</readonly>
         <executable>true</executable>
         <run_address>0x1874</run_address>
         <size>0x7c</size>
         <alignment>0x4</alignment>
         <input_file_ref idref="fl-33"/>
      </object_component>
      <object_component id="oc-b6">
         <name>.text:memset</name>
         <load_address>0x18f0</load_address>
         <readonly>true</readonly>
         <executable>true</executable>
         <run_address>0x18f0</run_address>
         <size>0x62</size>
         <alignment>0x1</alignment>
         <input_file_ref idref="fl-dc"/>
      </object_component>
      <object_component id="oc-10b">
         <name>.text.__aeabi_idiv0</name>
         <load_address>0x1952</load_address>
         <readonly>true</readonly>
         <executable>true</executable>
         <run_address>0x1952</run_address>
         <size>0x2</size>
         <alignment>0x2</alignment>
         <input_file_ref idref="fl-da"/>
      </object_component>
      <object_component id="oc-c4">
         <name>.text.DL_DMA_initChannel</name>
         <load_address>0x1954</load_address>
         <readonly>true</readonly>
         <executable>true</executable>
         <run_address>0x1954</run_address>
         <size>0x4c</size>
         <alignment>0x4</alignment>
         <input_file_ref idref="fl-13"/>
      </object_component>
      <object_component id="oc-e4">
         <name>.text.DL_SYSCTL_switchMCLKfromSYSOSCtoHSCLK</name>
         <load_address>0x19a0</load_address>
         <readonly>true</readonly>
         <executable>true</executable>
         <run_address>0x19a0</run_address>
         <size>0x44</size>
         <alignment>0x4</alignment>
         <input_file_ref idref="fl-15"/>
      </object_component>
      <object_component id="oc-104">
         <name>.text.__aeabi_uidivmod</name>
         <load_address>0x19e4</load_address>
         <readonly>true</readonly>
         <executable>true</executable>
         <run_address>0x19e4</run_address>
         <size>0x40</size>
         <alignment>0x4</alignment>
         <input_file_ref idref="fl-d9"/>
      </object_component>
      <object_component id="oc-9e">
         <name>.text:__TI_auto_init_nobinit_nopinit</name>
         <load_address>0x1a24</load_address>
         <readonly>true</readonly>
         <executable>true</executable>
         <run_address>0x1a24</run_address>
         <size>0x3c</size>
         <alignment>0x4</alignment>
         <input_file_ref idref="fl-2e"/>
      </object_component>
      <object_component id="oc-f2">
         <name>.text.SYSCFG_DL_TIMA0_CCP0_init</name>
         <load_address>0x1a60</load_address>
         <readonly>true</readonly>
         <executable>true</executable>
         <run_address>0x1a60</run_address>
         <size>0x30</size>
         <alignment>0x4</alignment>
         <input_file_ref idref="fl-3"/>
      </object_component>
      <object_component id="oc-b7">
         <name>.text.SYSCFG_DL_initPower</name>
         <load_address>0x1a90</load_address>
         <readonly>true</readonly>
         <executable>true</executable>
         <run_address>0x1a90</run_address>
         <size>0x2c</size>
         <alignment>0x4</alignment>
         <input_file_ref idref="fl-3"/>
      </object_component>
      <object_component id="oc-8e">
         <name>.text.WS2812_Init</name>
         <load_address>0x1abc</load_address>
         <readonly>true</readonly>
         <executable>true</executable>
         <run_address>0x1abc</run_address>
         <size>0x2c</size>
         <alignment>0x4</alignment>
         <input_file_ref idref="fl-2"/>
      </object_component>
      <object_component id="oc-5b">
         <name>.text.WS2812_DMA_IRQHandler</name>
         <load_address>0x1ae8</load_address>
         <readonly>true</readonly>
         <executable>true</executable>
         <run_address>0x1ae8</run_address>
         <size>0x28</size>
         <alignment>0x4</alignment>
         <input_file_ref idref="fl-2"/>
      </object_component>
      <object_component id="oc-54">
         <name>.text:_c_int00_noargs</name>
         <load_address>0x1b10</load_address>
         <readonly>true</readonly>
         <executable>true</executable>
         <run_address>0x1b10</run_address>
         <size>0x28</size>
         <alignment>0x4</alignment>
         <input_file_ref idref="fl-2c"/>
      </object_component>
      <object_component id="oc-89">
         <name>.text.SYSCFG_DL_init</name>
         <load_address>0x1b38</load_address>
         <readonly>true</readonly>
         <executable>true</executable>
         <run_address>0x1b38</run_address>
         <size>0x24</size>
         <alignment>0x4</alignment>
         <input_file_ref idref="fl-3"/>
      </object_component>
      <object_component id="oc-103">
         <name>.text.DL_SYSCTL_configFCC</name>
         <load_address>0x1b5c</load_address>
         <readonly>true</readonly>
         <executable>true</executable>
         <run_address>0x1b5c</run_address>
         <size>0x1c</size>
         <alignment>0x4</alignment>
         <input_file_ref idref="fl-15"/>
      </object_component>
      <object_component id="oc-ee">
         <name>.text.DL_Timer_setCaptCompUpdateMethod</name>
         <load_address>0x1b78</load_address>
         <readonly>true</readonly>
         <executable>true</executable>
         <run_address>0x1b78</run_address>
         <size>0x1c</size>
         <alignment>0x4</alignment>
         <input_file_ref idref="fl-14"/>
      </object_component>
      <object_component id="oc-e6">
         <name>.text.DL_Timer_setClockConfig</name>
         <load_address>0x1b94</load_address>
         <readonly>true</readonly>
         <executable>true</executable>
         <run_address>0x1b94</run_address>
         <size>0x1c</size>
         <alignment>0x4</alignment>
         <input_file_ref idref="fl-14"/>
      </object_component>
      <object_component id="oc-91">
         <name>.text.WS2812_SetLED</name>
         <load_address>0x1bb0</load_address>
         <readonly>true</readonly>
         <executable>true</executable>
         <run_address>0x1bb0</run_address>
         <size>0x1c</size>
         <alignment>0x4</alignment>
         <input_file_ref idref="fl-2"/>
      </object_component>
      <object_component id="oc-ed">
         <name>.text.DL_Timer_setCaptureCompareOutCtl</name>
         <load_address>0x1bcc</load_address>
         <readonly>true</readonly>
         <executable>true</executable>
         <run_address>0x1bcc</run_address>
         <size>0x18</size>
         <alignment>0x4</alignment>
         <input_file_ref idref="fl-14"/>
      </object_component>
      <object_component id="oc-b8">
         <name>.text.SYSCFG_DL_GPIO_init</name>
         <load_address>0x1be4</load_address>
         <readonly>true</readonly>
         <executable>true</executable>
         <run_address>0x1be4</run_address>
         <size>0x18</size>
         <alignment>0x4</alignment>
         <input_file_ref idref="fl-3"/>
      </object_component>
      <object_component id="oc-bc">
         <name>.text.SYSCFG_DL_DMA_init</name>
         <load_address>0x1bfc</load_address>
         <readonly>true</readonly>
         <executable>true</executable>
         <run_address>0x1bfc</run_address>
         <size>0x14</size>
         <alignment>0x4</alignment>
         <input_file_ref idref="fl-3"/>
      </object_component>
      <object_component id="oc-20">
         <name>.text:decompress:none</name>
         <load_address>0x1c10</load_address>
         <readonly>true</readonly>
         <executable>true</executable>
         <run_address>0x1c10</run_address>
         <size>0x12</size>
         <alignment>0x2</alignment>
         <input_file_ref idref="fl-32"/>
      </object_component>
      <object_component id="oc-ef">
         <name>.text.DL_Timer_setCaptureCompareValue</name>
         <load_address>0x1c24</load_address>
         <readonly>true</readonly>
         <executable>true</executable>
         <run_address>0x1c24</run_address>
         <size>0x10</size>
         <alignment>0x4</alignment>
         <input_file_ref idref="fl-14"/>
      </object_component>
      <object_component id="oc-8f">
         <name>.text.WS2812_SetNumLEDs</name>
         <load_address>0x1c34</load_address>
         <readonly>true</readonly>
         <executable>true</executable>
         <run_address>0x1c34</run_address>
         <size>0x10</size>
         <alignment>0x4</alignment>
         <input_file_ref idref="fl-2"/>
      </object_component>
      <object_component id="oc-51">
         <name>.text:decompress:ZI</name>
         <load_address>0x1c44</load_address>
         <readonly>true</readonly>
         <executable>true</executable>
         <run_address>0x1c44</run_address>
         <size>0x10</size>
         <alignment>0x2</alignment>
         <input_file_ref idref="fl-31"/>
      </object_component>
      <object_component id="oc-90">
         <name>.text.WS2812_SetBrightness</name>
         <load_address>0x1c54</load_address>
         <readonly>true</readonly>
         <executable>true</executable>
         <run_address>0x1c54</run_address>
         <size>0xc</size>
         <alignment>0x4</alignment>
         <input_file_ref idref="fl-2"/>
      </object_component>
      <object_component id="oc-67">
         <name>.text.__aeabi_memclr</name>
         <load_address>0x1c60</load_address>
         <readonly>true</readonly>
         <executable>true</executable>
         <run_address>0x1c60</run_address>
         <size>0xc</size>
         <alignment>0x4</alignment>
         <input_file_ref idref="fl-d8"/>
      </object_component>
      <object_component id="oc-93">
         <name>.text.DL_Common_delayCycles</name>
         <load_address>0x1c6c</load_address>
         <readonly>true</readonly>
         <executable>true</executable>
         <run_address>0x1c6c</run_address>
         <size>0xa</size>
         <alignment>0x2</alignment>
         <input_file_ref idref="fl-12"/>
      </object_component>
      <object_component id="oc-34">
         <name>.text.DMA_IRQHandler</name>
         <load_address>0x1c76</load_address>
         <readonly>true</readonly>
         <executable>true</executable>
         <run_address>0x1c76</run_address>
         <size>0x8</size>
         <alignment>0x2</alignment>
         <input_file_ref idref="fl-1"/>
      </object_component>
      <object_component id="oc-44">
         <name>.text.__aeabi_memcpy</name>
         <load_address>0x1c80</load_address>
         <readonly>true</readonly>
         <executable>true</executable>
         <run_address>0x1c80</run_address>
         <size>0x8</size>
         <alignment>0x4</alignment>
         <input_file_ref idref="fl-d7"/>
      </object_component>
      <object_component id="oc-97">
         <name>.text:abort</name>
         <load_address>0x1c88</load_address>
         <readonly>true</readonly>
         <executable>true</executable>
         <run_address>0x1c88</run_address>
         <size>0x6</size>
         <alignment>0x2</alignment>
         <input_file_ref idref="fl-34"/>
      </object_component>
      <object_component id="oc-cc">
         <name>.text.HOSTexit</name>
         <load_address>0x1c8e</load_address>
         <readonly>true</readonly>
         <executable>true</executable>
         <run_address>0x1c8e</run_address>
         <size>0x4</size>
         <alignment>0x2</alignment>
         <input_file_ref idref="fl-d6"/>
      </object_component>
      <object_component id="oc-2f">
         <name>.text.Reset_Handler</name>
         <load_address>0x1c92</load_address>
         <readonly>true</readonly>
         <executable>true</executable>
         <run_address>0x1c92</run_address>
         <size>0x4</size>
         <alignment>0x2</alignment>
         <input_file_ref idref="fl-4"/>
      </object_component>
      <object_component id="oc-6c">
         <name>.text._system_pre_init</name>
         <load_address>0x1c96</load_address>
         <readonly>true</readonly>
         <executable>true</executable>
         <run_address>0x1c96</run_address>
         <size>0x4</size>
         <alignment>0x2</alignment>
         <input_file_ref idref="fl-2f"/>
      </object_component>
      <object_component id="oc-153">
         <name>__TI_handler_table</name>
         <load_address>0x1d08</load_address>
         <readonly>true</readonly>
         <run_address>0x1d08</run_address>
         <size>0xc</size>
         <alignment>0x4</alignment>
      </object_component>
      <object_component id="oc-156">
         <name>.cinit..bss.load</name>
         <load_address>0x1d14</load_address>
         <readonly>true</readonly>
         <run_address>0x1d14</run_address>
         <size>0x8</size>
         <alignment>0x4</alignment>
      </object_component>
      <object_component id="oc-155">
         <name>.cinit..data.load</name>
         <load_address>0x1d1c</load_address>
         <readonly>true</readonly>
         <run_address>0x1d1c</run_address>
         <size>0x7</size>
         <alignment>0x1</alignment>
      </object_component>
      <object_component id="oc-154">
         <name>__TI_cinit_table</name>
         <load_address>0x1d24</load_address>
         <readonly>true</readonly>
         <run_address>0x1d24</run_address>
         <size>0x10</size>
         <alignment>0x4</alignment>
      </object_component>
      <object_component id="oc-e5">
         <name>.rodata.gSYSPLLConfig</name>
         <load_address>0x1ca0</load_address>
         <readonly>true</readonly>
         <run_address>0x1ca0</run_address>
         <size>0x28</size>
         <alignment>0x4</alignment>
         <input_file_ref idref="fl-3"/>
      </object_component>
      <object_component id="oc-10a">
         <name>.rodata.gTIMA0_CCP0Config</name>
         <load_address>0x1cc8</load_address>
         <readonly>true</readonly>
         <run_address>0x1cc8</run_address>
         <size>0x18</size>
         <alignment>0x4</alignment>
         <input_file_ref idref="fl-3"/>
      </object_component>
      <object_component id="oc-c8">
         <name>.rodata.gWS2812_DMAConfig</name>
         <load_address>0x1ce0</load_address>
         <readonly>true</readonly>
         <run_address>0x1ce0</run_address>
         <size>0x18</size>
         <alignment>0x4</alignment>
         <input_file_ref idref="fl-2"/>
      </object_component>
      <object_component id="oc-f1">
         <name>.rodata.gPWM_WS2812Config</name>
         <load_address>0x1cf8</load_address>
         <readonly>true</readonly>
         <run_address>0x1cf8</run_address>
         <size>0x8</size>
         <alignment>0x4</alignment>
         <input_file_ref idref="fl-3"/>
      </object_component>
      <object_component id="oc-f0">
         <name>.rodata.gPWM_WS2812ClockConfig</name>
         <load_address>0x1d00</load_address>
         <readonly>true</readonly>
         <run_address>0x1d00</run_address>
         <size>0x3</size>
         <alignment>0x1</alignment>
         <input_file_ref idref="fl-3"/>
      </object_component>
      <object_component id="oc-11d">
         <name>.binit</name>
         <load_address>0x0</load_address>
         <readonly>true</readonly>
         <run_address>0x0</run_address>
         <size>0x0</size>
         <alignment>0x4</alignment>
      </object_component>
      <object_component id="oc-c3">
         <name>.data.gBrightness</name>
         <load_address>0x20200450</load_address>
         <readwrite>true</readwrite>
         <run_address>0x20200450</run_address>
         <size>0x1</size>
         <alignment>0x1</alignment>
         <input_file_ref idref="fl-2"/>
      </object_component>
      <object_component id="oc-c2">
         <name>.data.gNumLEDs</name>
         <load_address>0x20200451</load_address>
         <readwrite>true</readwrite>
         <run_address>0x20200451</run_address>
         <size>0x1</size>
         <alignment>0x1</alignment>
         <input_file_ref idref="fl-2"/>
      </object_component>
      <object_component id="oc-7b">
         <name>.data.gTransferDone</name>
         <load_address>0x20200452</load_address>
         <readwrite>true</readwrite>
         <run_address>0x20200452</run_address>
         <size>0x1</size>
         <alignment>0x1</alignment>
         <input_file_ref idref="fl-2"/>
      </object_component>
      <object_component id="oc-c0">
         <name>.bss.gPwmBuffer</name>
         <uninitialized>true</uninitialized>
         <readwrite>true</readwrite>
         <run_address>0x20200000</run_address>
         <size>0x364</size>
         <alignment>0x4</alignment>
         <input_file_ref idref="fl-2"/>
      </object_component>
      <object_component id="oc-c1">
         <name>.bss.gLedData</name>
         <uninitialized>true</uninitialized>
         <readwrite>true</readwrite>
         <run_address>0x20200420</run_address>
         <size>0x30</size>
         <alignment>0x4</alignment>
         <input_file_ref idref="fl-2"/>
      </object_component>
      <object_component id="oc-bd">
         <name>.common:gPWM_WS2812Backup</name>
         <uninitialized>true</uninitialized>
         <readwrite>true</readwrite>
         <run_address>0x20200364</run_address>
         <size>0xbc</size>
         <alignment>0x4</alignment>
      </object_component>
      <object_component id="oc-1a">
         <name>.stack</name>
         <uninitialized>true</uninitialized>
         <readwrite>true</readwrite>
         <run_address>0x20207e00</run_address>
         <size>0x4</size>
         <alignment>0x4</alignment>
         <input_file_ref idref="fl-2c"/>
      </object_component>
      <object_component id="oc-158">
         <name>.stack</name>
         <uninitialized>true</uninitialized>
         <readwrite>true</readwrite>
         <run_address>0x20207e00</run_address>
         <size>0x0</size>
         <alignment>0x8</alignment>
      </object_component>
      <object_component id="oc-62">
         <name>.debug_loc</name>
         <load_address>0x0</load_address>
         <run_address>0x0</run_address>
         <size>0x2a7</size>
         <alignment>0x1</alignment>
         <input_file_ref idref="fl-1"/>
      </object_component>
      <object_component id="oc-7e">
         <name>.debug_loc</name>
         <load_address>0x2a7</load_address>
         <run_address>0x2a7</run_address>
         <size>0xfe</size>
         <alignment>0x1</alignment>
         <input_file_ref idref="fl-2"/>
      </object_component>
      <object_component id="oc-ba">
         <name>.debug_loc</name>
         <load_address>0x3a5</load_address>
         <run_address>0x3a5</run_address>
         <size>0x18c</size>
         <alignment>0x1</alignment>
         <input_file_ref idref="fl-3"/>
      </object_component>
      <object_component id="oc-cb">
         <name>.debug_loc</name>
         <load_address>0x531</load_address>
         <run_address>0x531</run_address>
         <size>0x13</size>
         <alignment>0x1</alignment>
         <input_file_ref idref="fl-12"/>
      </object_component>
      <object_component id="oc-f5">
         <name>.debug_loc</name>
         <load_address>0x544</load_address>
         <run_address>0x544</run_address>
         <size>0xd0</size>
         <alignment>0x1</alignment>
         <input_file_ref idref="fl-13"/>
      </object_component>
      <object_component id="oc-ea">
         <name>.debug_loc</name>
         <load_address>0x614</load_address>
         <run_address>0x614</run_address>
         <size>0x1a68</size>
         <alignment>0x1</alignment>
         <input_file_ref idref="fl-14"/>
      </object_component>
      <object_component id="oc-de">
         <name>.debug_loc</name>
         <load_address>0x207c</load_address>
         <run_address>0x207c</run_address>
         <size>0x414</size>
         <alignment>0x1</alignment>
         <input_file_ref idref="fl-15"/>
      </object_component>
      <object_component id="oc-3f">
         <name>.debug_loc</name>
         <load_address>0x2490</load_address>
         <run_address>0x2490</run_address>
         <size>0xd8</size>
         <alignment>0x1</alignment>
         <input_file_ref idref="fl-2c"/>
      </object_component>
      <object_component id="oc-a1">
         <name>.debug_loc</name>
         <load_address>0x2568</load_address>
         <run_address>0x2568</run_address>
         <size>0x424</size>
         <alignment>0x1</alignment>
         <input_file_ref idref="fl-2e"/>
      </object_component>
      <object_component id="oc-50">
         <name>.debug_loc</name>
         <load_address>0x298c</load_address>
         <run_address>0x298c</run_address>
         <size>0x16c</size>
         <alignment>0x1</alignment>
         <input_file_ref idref="fl-31"/>
      </object_component>
      <object_component id="oc-4a">
         <name>.debug_loc</name>
         <load_address>0x2af8</load_address>
         <run_address>0x2af8</run_address>
         <size>0x6f</size>
         <alignment>0x1</alignment>
         <input_file_ref idref="fl-32"/>
      </object_component>
      <object_component id="oc-42">
         <name>.debug_loc</name>
         <load_address>0x2b67</load_address>
         <run_address>0x2b67</run_address>
         <size>0x167</size>
         <alignment>0x1</alignment>
         <input_file_ref idref="fl-33"/>
      </object_component>
      <object_component id="oc-9d">
         <name>.debug_loc</name>
         <load_address>0x2cce</load_address>
         <run_address>0x2cce</run_address>
         <size>0x26</size>
         <alignment>0x1</alignment>
         <input_file_ref idref="fl-34"/>
      </object_component>
      <object_component id="oc-113">
         <name>.debug_loc</name>
         <load_address>0x2cf4</load_address>
         <run_address>0x2cf4</run_address>
         <size>0x20</size>
         <alignment>0x1</alignment>
         <input_file_ref idref="fl-da"/>
      </object_component>
      <object_component id="oc-60">
         <name>.debug_abbrev</name>
         <load_address>0x0</load_address>
         <run_address>0x0</run_address>
         <size>0xe6</size>
         <alignment>0x1</alignment>
         <input_file_ref idref="fl-1"/>
      </object_component>
      <object_component id="oc-7c">
         <name>.debug_abbrev</name>
         <load_address>0xe6</load_address>
         <run_address>0xe6</run_address>
         <size>0x1b6</size>
         <alignment>0x1</alignment>
         <input_file_ref idref="fl-2"/>
      </object_component>
      <object_component id="oc-be">
         <name>.debug_abbrev</name>
         <load_address>0x29c</load_address>
         <run_address>0x29c</run_address>
         <size>0x266</size>
         <alignment>0x1</alignment>
         <input_file_ref idref="fl-3"/>
      </object_component>
      <object_component id="oc-39">
         <name>.debug_abbrev</name>
         <load_address>0x502</load_address>
         <run_address>0x502</run_address>
         <size>0x6d</size>
         <alignment>0x1</alignment>
         <input_file_ref idref="fl-4"/>
      </object_component>
      <object_component id="oc-c9">
         <name>.debug_abbrev</name>
         <load_address>0x56f</load_address>
         <run_address>0x56f</run_address>
         <size>0x62</size>
         <alignment>0x1</alignment>
         <input_file_ref idref="fl-12"/>
      </object_component>
      <object_component id="oc-f3">
         <name>.debug_abbrev</name>
         <load_address>0x5d1</load_address>
         <run_address>0x5d1</run_address>
         <size>0x180</size>
         <alignment>0x1</alignment>
         <input_file_ref idref="fl-13"/>
      </object_component>
      <object_component id="oc-108">
         <name>.debug_abbrev</name>
         <load_address>0x751</load_address>
         <run_address>0x751</run_address>
         <size>0x286</size>
         <alignment>0x1</alignment>
         <input_file_ref idref="fl-14"/>
      </object_component>
      <object_component id="oc-101">
         <name>.debug_abbrev</name>
         <load_address>0x9d7</load_address>
         <run_address>0x9d7</run_address>
         <size>0x218</size>
         <alignment>0x1</alignment>
         <input_file_ref idref="fl-15"/>
      </object_component>
      <object_component id="oc-3b">
         <name>.debug_abbrev</name>
         <load_address>0xbef</load_address>
         <run_address>0xbef</run_address>
         <size>0xaf</size>
         <alignment>0x1</alignment>
         <input_file_ref idref="fl-2c"/>
      </object_component>
      <object_component id="oc-d6">
         <name>.debug_abbrev</name>
         <load_address>0xc9e</load_address>
         <run_address>0xc9e</run_address>
         <size>0x170</size>
         <alignment>0x1</alignment>
         <input_file_ref idref="fl-2e"/>
      </object_component>
      <object_component id="oc-87">
         <name>.debug_abbrev</name>
         <load_address>0xe0e</load_address>
         <run_address>0xe0e</run_address>
         <size>0x39</size>
         <alignment>0x1</alignment>
         <input_file_ref idref="fl-2f"/>
      </object_component>
      <object_component id="oc-65">
         <name>.debug_abbrev</name>
         <load_address>0xe47</load_address>
         <run_address>0xe47</run_address>
         <size>0xc2</size>
         <alignment>0x1</alignment>
         <input_file_ref idref="fl-31"/>
      </object_component>
      <object_component id="oc-48">
         <name>.debug_abbrev</name>
         <load_address>0xf09</load_address>
         <run_address>0xf09</run_address>
         <size>0x70</size>
         <alignment>0x1</alignment>
         <input_file_ref idref="fl-32"/>
      </object_component>
      <object_component id="oc-40">
         <name>.debug_abbrev</name>
         <load_address>0xf79</load_address>
         <run_address>0xf79</run_address>
         <size>0x8d</size>
         <alignment>0x1</alignment>
         <input_file_ref idref="fl-33"/>
      </object_component>
      <object_component id="oc-d0">
         <name>.debug_abbrev</name>
         <load_address>0x1006</load_address>
         <run_address>0x1006</run_address>
         <size>0x98</size>
         <alignment>0x1</alignment>
         <input_file_ref idref="fl-34"/>
      </object_component>
      <object_component id="oc-f6">
         <name>.debug_abbrev</name>
         <load_address>0x109e</load_address>
         <run_address>0x109e</run_address>
         <size>0x2c</size>
         <alignment>0x1</alignment>
         <input_file_ref idref="fl-d6"/>
      </object_component>
      <object_component id="oc-64">
         <name>.debug_abbrev</name>
         <load_address>0x10ca</load_address>
         <run_address>0x10ca</run_address>
         <size>0x27</size>
         <alignment>0x1</alignment>
         <input_file_ref idref="fl-d7"/>
      </object_component>
      <object_component id="oc-86">
         <name>.debug_abbrev</name>
         <load_address>0x10f1</load_address>
         <run_address>0x10f1</run_address>
         <size>0x25</size>
         <alignment>0x1</alignment>
         <input_file_ref idref="fl-d8"/>
      </object_component>
      <object_component id="oc-110">
         <name>.debug_abbrev</name>
         <load_address>0x1116</load_address>
         <run_address>0x1116</run_address>
         <size>0x27</size>
         <alignment>0x1</alignment>
         <input_file_ref idref="fl-d9"/>
      </object_component>
      <object_component id="oc-111">
         <name>.debug_abbrev</name>
         <load_address>0x113d</load_address>
         <run_address>0x113d</run_address>
         <size>0x59</size>
         <alignment>0x1</alignment>
         <input_file_ref idref="fl-da"/>
      </object_component>
      <object_component id="oc-b0">
         <name>.debug_abbrev</name>
         <load_address>0x1196</load_address>
         <run_address>0x1196</run_address>
         <size>0x25</size>
         <alignment>0x1</alignment>
         <input_file_ref idref="fl-db"/>
      </object_component>
      <object_component id="oc-dc">
         <name>.debug_abbrev</name>
         <load_address>0x11bb</load_address>
         <run_address>0x11bb</run_address>
         <size>0x25</size>
         <alignment>0x1</alignment>
         <input_file_ref idref="fl-dc"/>
      </object_component>
      <object_component id="oc-15a">
         <name>.debug_abbrev</name>
         <load_address>0x11e0</load_address>
         <run_address>0x11e0</run_address>
         <size>0xf</size>
         <alignment>0x0</alignment>
      </object_component>
      <object_component id="oc-38">
         <name>.debug_info</name>
         <load_address>0x0</load_address>
         <run_address>0x0</run_address>
         <size>0x162f</size>
         <alignment>0x1</alignment>
         <input_file_ref idref="fl-1"/>
      </object_component>
      <object_component id="oc-5e">
         <name>.debug_info</name>
         <load_address>0x162f</load_address>
         <run_address>0x162f</run_address>
         <size>0x10c6</size>
         <alignment>0x1</alignment>
         <input_file_ref idref="fl-2"/>
      </object_component>
      <object_component id="oc-8b">
         <name>.debug_info</name>
         <load_address>0x26f5</load_address>
         <run_address>0x26f5</run_address>
         <size>0x2ccb</size>
         <alignment>0x1</alignment>
         <input_file_ref idref="fl-3"/>
      </object_component>
      <object_component id="oc-19">
         <name>.debug_info</name>
         <load_address>0x53c0</load_address>
         <run_address>0x53c0</run_address>
         <size>0x80</size>
         <alignment>0x1</alignment>
         <input_file_ref idref="fl-4"/>
      </object_component>
      <object_component id="oc-94">
         <name>.debug_info</name>
         <load_address>0x5440</load_address>
         <run_address>0x5440</run_address>
         <size>0x75</size>
         <alignment>0x1</alignment>
         <input_file_ref idref="fl-12"/>
      </object_component>
      <object_component id="oc-c5">
         <name>.debug_info</name>
         <load_address>0x54b5</load_address>
         <run_address>0x54b5</run_address>
         <size>0x6ea</size>
         <alignment>0x1</alignment>
         <input_file_ref idref="fl-13"/>
      </object_component>
      <object_component id="oc-eb">
         <name>.debug_info</name>
         <load_address>0x5b9f</load_address>
         <run_address>0x5b9f</run_address>
         <size>0x32ed</size>
         <alignment>0x1</alignment>
         <input_file_ref idref="fl-14"/>
      </object_component>
      <object_component id="oc-e2">
         <name>.debug_info</name>
         <load_address>0x8e8c</load_address>
         <run_address>0x8e8c</run_address>
         <size>0x10aa</size>
         <alignment>0x1</alignment>
         <input_file_ref idref="fl-15"/>
      </object_component>
      <object_component id="oc-1b">
         <name>.debug_info</name>
         <load_address>0x9f36</load_address>
         <run_address>0x9f36</run_address>
         <size>0x423</size>
         <alignment>0x1</alignment>
         <input_file_ref idref="fl-2c"/>
      </object_component>
      <object_component id="oc-a0">
         <name>.debug_info</name>
         <load_address>0xa359</load_address>
         <run_address>0xa359</run_address>
         <size>0x744</size>
         <alignment>0x1</alignment>
         <input_file_ref idref="fl-2e"/>
      </object_component>
      <object_component id="oc-6e">
         <name>.debug_info</name>
         <load_address>0xaa9d</load_address>
         <run_address>0xaa9d</run_address>
         <size>0x46</size>
         <alignment>0x1</alignment>
         <input_file_ref idref="fl-2f"/>
      </object_component>
      <object_component id="oc-4c">
         <name>.debug_info</name>
         <load_address>0xaae3</load_address>
         <run_address>0xaae3</run_address>
         <size>0x192</size>
         <alignment>0x1</alignment>
         <input_file_ref idref="fl-31"/>
      </object_component>
      <object_component id="oc-23">
         <name>.debug_info</name>
         <load_address>0xac75</load_address>
         <run_address>0xac75</run_address>
         <size>0xc6</size>
         <alignment>0x1</alignment>
         <input_file_ref idref="fl-32"/>
      </object_component>
      <object_component id="oc-1f">
         <name>.debug_info</name>
         <load_address>0xad3b</load_address>
         <run_address>0xad3b</run_address>
         <size>0x17c</size>
         <alignment>0x1</alignment>
         <input_file_ref idref="fl-33"/>
      </object_component>
      <object_component id="oc-9a">
         <name>.debug_info</name>
         <load_address>0xaeb7</load_address>
         <run_address>0xaeb7</run_address>
         <size>0xf8</size>
         <alignment>0x1</alignment>
         <input_file_ref idref="fl-34"/>
      </object_component>
      <object_component id="oc-ce">
         <name>.debug_info</name>
         <load_address>0xafaf</load_address>
         <run_address>0xafaf</run_address>
         <size>0x3b</size>
         <alignment>0x1</alignment>
         <input_file_ref idref="fl-d6"/>
      </object_component>
      <object_component id="oc-47">
         <name>.debug_info</name>
         <load_address>0xafea</load_address>
         <run_address>0xafea</run_address>
         <size>0x18b</size>
         <alignment>0x1</alignment>
         <input_file_ref idref="fl-d7"/>
      </object_component>
      <object_component id="oc-6a">
         <name>.debug_info</name>
         <load_address>0xb175</load_address>
         <run_address>0xb175</run_address>
         <size>0x1a7</size>
         <alignment>0x1</alignment>
         <input_file_ref idref="fl-d8"/>
      </object_component>
      <object_component id="oc-106">
         <name>.debug_info</name>
         <load_address>0xb31c</load_address>
         <run_address>0xb31c</run_address>
         <size>0x1ae</size>
         <alignment>0x1</alignment>
         <input_file_ref idref="fl-d9"/>
      </object_component>
      <object_component id="oc-10c">
         <name>.debug_info</name>
         <load_address>0xb4ca</load_address>
         <run_address>0xb4ca</run_address>
         <size>0x85</size>
         <alignment>0x1</alignment>
         <input_file_ref idref="fl-da"/>
      </object_component>
      <object_component id="oc-81">
         <name>.debug_info</name>
         <load_address>0xb54f</load_address>
         <run_address>0xb54f</run_address>
         <size>0x2f3</size>
         <alignment>0x1</alignment>
         <input_file_ref idref="fl-db"/>
      </object_component>
      <object_component id="oc-b3">
         <name>.debug_info</name>
         <load_address>0xb842</load_address>
         <run_address>0xb842</run_address>
         <size>0x23d</size>
         <alignment>0x1</alignment>
         <input_file_ref idref="fl-dc"/>
      </object_component>
      <object_component id="oc-159">
         <name>.debug_info</name>
         <load_address>0xba7f</load_address>
         <run_address>0xba7f</run_address>
         <size>0xba</size>
         <alignment>0x0</alignment>
      </object_component>
      <object_component id="oc-37">
         <name>.debug_ranges</name>
         <load_address>0x0</load_address>
         <run_address>0x0</run_address>
         <size>0x590</size>
         <alignment>0x1</alignment>
         <input_file_ref idref="fl-1"/>
      </object_component>
      <object_component id="oc-5d">
         <name>.debug_ranges</name>
         <load_address>0x590</load_address>
         <run_address>0x590</run_address>
         <size>0x38</size>
         <alignment>0x1</alignment>
         <input_file_ref idref="fl-2"/>
      </object_component>
      <object_component id="oc-8c">
         <name>.debug_ranges</name>
         <load_address>0x5c8</load_address>
         <run_address>0x5c8</run_address>
         <size>0x358</size>
         <alignment>0x1</alignment>
         <input_file_ref idref="fl-3"/>
      </object_component>
      <object_component id="oc-31">
         <name>.debug_ranges</name>
         <load_address>0x920</load_address>
         <run_address>0x920</run_address>
         <size>0x18</size>
         <alignment>0x1</alignment>
         <input_file_ref idref="fl-4"/>
      </object_component>
      <object_component id="oc-e9">
         <name>.debug_ranges</name>
         <load_address>0x938</load_address>
         <run_address>0x938</run_address>
         <size>0x1d8</size>
         <alignment>0x1</alignment>
         <input_file_ref idref="fl-14"/>
      </object_component>
      <object_component id="oc-e1">
         <name>.debug_ranges</name>
         <load_address>0xb10</load_address>
         <run_address>0xb10</run_address>
         <size>0x1a8</size>
         <alignment>0x1</alignment>
         <input_file_ref idref="fl-15"/>
      </object_component>
      <object_component id="oc-3e">
         <name>.debug_ranges</name>
         <load_address>0xcb8</load_address>
         <run_address>0xcb8</run_address>
         <size>0x48</size>
         <alignment>0x1</alignment>
         <input_file_ref idref="fl-2c"/>
      </object_component>
      <object_component id="oc-9f">
         <name>.debug_ranges</name>
         <load_address>0xd00</load_address>
         <run_address>0xd00</run_address>
         <size>0x48</size>
         <alignment>0x1</alignment>
         <input_file_ref idref="fl-2e"/>
      </object_component>
      <object_component id="oc-4d">
         <name>.debug_ranges</name>
         <load_address>0xd48</load_address>
         <run_address>0xd48</run_address>
         <size>0x18</size>
         <alignment>0x1</alignment>
         <input_file_ref idref="fl-31"/>
      </object_component>
      <object_component id="oc-43">
         <name>.debug_ranges</name>
         <load_address>0xd60</load_address>
         <run_address>0xd60</run_address>
         <size>0x50</size>
         <alignment>0x1</alignment>
         <input_file_ref idref="fl-33"/>
      </object_component>
      <object_component id="oc-9b">
         <name>.debug_ranges</name>
         <load_address>0xdb0</load_address>
         <run_address>0xdb0</run_address>
         <size>0x18</size>
         <alignment>0x1</alignment>
         <input_file_ref idref="fl-34"/>
      </object_component>
      <object_component id="oc-6b">
         <name>.debug_ranges</name>
         <load_address>0xdc8</load_address>
         <run_address>0xdc8</run_address>
         <size>0x28</size>
         <alignment>0x1</alignment>
         <input_file_ref idref="fl-d8"/>
      </object_component>
      <object_component id="oc-10f">
         <name>.debug_ranges</name>
         <load_address>0xdf0</load_address>
         <run_address>0xdf0</run_address>
         <size>0x18</size>
         <alignment>0x1</alignment>
         <input_file_ref idref="fl-da"/>
      </object_component>
      <object_component id="oc-83">
         <name>.debug_ranges</name>
         <load_address>0xe08</load_address>
         <run_address>0xe08</run_address>
         <size>0x28</size>
         <alignment>0x1</alignment>
         <input_file_ref idref="fl-db"/>
      </object_component>
      <object_component id="oc-b5">
         <name>.debug_ranges</name>
         <load_address>0xe30</load_address>
         <run_address>0xe30</run_address>
         <size>0x28</size>
         <alignment>0x1</alignment>
         <input_file_ref idref="fl-dc"/>
      </object_component>
      <object_component id="oc-61">
         <name>.debug_str</name>
         <load_address>0x0</load_address>
         <run_address>0x0</run_address>
         <size>0x1c8</size>
         <alignment>0x1</alignment>
         <input_file_ref idref="fl-1"/>
      </object_component>
      <object_component id="oc-7d">
         <name>.debug_str</name>
         <load_address>0x1c8</load_address>
         <run_address>0x1c8</run_address>
         <size>0xcff</size>
         <alignment>0x1</alignment>
         <input_file_ref idref="fl-2"/>
      </object_component>
      <object_component id="oc-bf">
         <name>.debug_str</name>
         <load_address>0xec7</load_address>
         <run_address>0xec7</run_address>
         <size>0x2911</size>
         <alignment>0x1</alignment>
         <input_file_ref idref="fl-3"/>
      </object_component>
      <object_component id="oc-3a">
         <name>.debug_str</name>
         <load_address>0x37d8</load_address>
         <run_address>0x37d8</run_address>
         <size>0x171</size>
         <alignment>0x1</alignment>
         <input_file_ref idref="fl-4"/>
      </object_component>
      <object_component id="oc-ca">
         <name>.debug_str</name>
         <load_address>0x3949</load_address>
         <run_address>0x3949</run_address>
         <size>0x16d</size>
         <alignment>0x1</alignment>
         <input_file_ref idref="fl-12"/>
      </object_component>
      <object_component id="oc-f4">
         <name>.debug_str</name>
         <load_address>0x3ab6</load_address>
         <run_address>0x3ab6</run_address>
         <size>0x64a</size>
         <alignment>0x1</alignment>
         <input_file_ref idref="fl-13"/>
      </object_component>
      <object_component id="oc-109">
         <name>.debug_str</name>
         <load_address>0x4100</load_address>
         <run_address>0x4100</run_address>
         <size>0x1fe1</size>
         <alignment>0x1</alignment>
         <input_file_ref idref="fl-14"/>
      </object_component>
      <object_component id="oc-102">
         <name>.debug_str</name>
         <load_address>0x60e1</load_address>
         <run_address>0x60e1</run_address>
         <size>0x108c</size>
         <alignment>0x1</alignment>
         <input_file_ref idref="fl-15"/>
      </object_component>
      <object_component id="oc-3c">
         <name>.debug_str</name>
         <load_address>0x716d</load_address>
         <run_address>0x716d</run_address>
         <size>0x21e</size>
         <alignment>0x1</alignment>
         <input_file_ref idref="fl-2c"/>
      </object_component>
      <object_component id="oc-d7">
         <name>.debug_str</name>
         <load_address>0x738b</load_address>
         <run_address>0x738b</run_address>
         <size>0x328</size>
         <alignment>0x1</alignment>
         <input_file_ref idref="fl-2e"/>
      </object_component>
      <object_component id="oc-88">
         <name>.debug_str</name>
         <load_address>0x76b3</load_address>
         <run_address>0x76b3</run_address>
         <size>0xee</size>
         <alignment>0x1</alignment>
         <input_file_ref idref="fl-2f"/>
      </object_component>
      <object_component id="oc-66">
         <name>.debug_str</name>
         <load_address>0x77a1</load_address>
         <run_address>0x77a1</run_address>
         <size>0x194</size>
         <alignment>0x1</alignment>
         <input_file_ref idref="fl-31"/>
      </object_component>
      <object_component id="oc-49">
         <name>.debug_str</name>
         <load_address>0x7935</load_address>
         <run_address>0x7935</run_address>
         <size>0x161</size>
         <alignment>0x1</alignment>
         <input_file_ref idref="fl-32"/>
      </object_component>
      <object_component id="oc-41">
         <name>.debug_str</name>
         <load_address>0x7a96</load_address>
         <run_address>0x7a96</run_address>
         <size>0x1ce</size>
         <alignment>0x1</alignment>
         <input_file_ref idref="fl-33"/>
      </object_component>
      <object_component id="oc-d1">
         <name>.debug_str</name>
         <load_address>0x7c64</load_address>
         <run_address>0x7c64</run_address>
         <size>0x141</size>
         <alignment>0x1</alignment>
         <input_file_ref idref="fl-34"/>
      </object_component>
      <object_component id="oc-f7">
         <name>.debug_str</name>
         <load_address>0x7da5</load_address>
         <run_address>0x7da5</run_address>
         <size>0xe2</size>
         <alignment>0x1</alignment>
         <input_file_ref idref="fl-d6"/>
      </object_component>
      <object_component id="oc-112">
         <name>.debug_str</name>
         <load_address>0x7e87</load_address>
         <run_address>0x7e87</run_address>
         <size>0x185</size>
         <alignment>0x1</alignment>
         <input_file_ref idref="fl-da"/>
      </object_component>
      <object_component id="oc-36">
         <name>.debug_frame</name>
         <load_address>0x0</load_address>
         <run_address>0x0</run_address>
         <size>0x40</size>
         <alignment>0x4</alignment>
         <input_file_ref idref="fl-1"/>
      </object_component>
      <object_component id="oc-5c">
         <name>.debug_frame</name>
         <load_address>0x40</load_address>
         <run_address>0x40</run_address>
         <size>0x94</size>
         <alignment>0x4</alignment>
         <input_file_ref idref="fl-2"/>
      </object_component>
      <object_component id="oc-8a">
         <name>.debug_frame</name>
         <load_address>0xd4</load_address>
         <run_address>0xd4</run_address>
         <size>0x110</size>
         <alignment>0x4</alignment>
         <input_file_ref idref="fl-3"/>
      </object_component>
      <object_component id="oc-32">
         <name>.debug_frame</name>
         <load_address>0x1e4</load_address>
         <run_address>0x1e4</run_address>
         <size>0x30</size>
         <alignment>0x4</alignment>
         <input_file_ref idref="fl-4"/>
      </object_component>
      <object_component id="oc-96">
         <name>.debug_frame</name>
         <load_address>0x214</load_address>
         <run_address>0x214</run_address>
         <size>0x20</size>
         <alignment>0x4</alignment>
         <input_file_ref idref="fl-12"/>
      </object_component>
      <object_component id="oc-c6">
         <name>.debug_frame</name>
         <load_address>0x234</load_address>
         <run_address>0x234</run_address>
         <size>0x30</size>
         <alignment>0x4</alignment>
         <input_file_ref idref="fl-13"/>
      </object_component>
      <object_component id="oc-e8">
         <name>.debug_frame</name>
         <load_address>0x264</load_address>
         <run_address>0x264</run_address>
         <size>0x408</size>
         <alignment>0x4</alignment>
         <input_file_ref idref="fl-14"/>
      </object_component>
      <object_component id="oc-df">
         <name>.debug_frame</name>
         <load_address>0x66c</load_address>
         <run_address>0x66c</run_address>
         <size>0x12c</size>
         <alignment>0x4</alignment>
         <input_file_ref idref="fl-15"/>
      </object_component>
      <object_component id="oc-53">
         <name>.debug_frame</name>
         <load_address>0x798</load_address>
         <run_address>0x798</run_address>
         <size>0x90</size>
         <alignment>0x4</alignment>
         <input_file_ref idref="fl-2c"/>
      </object_component>
      <object_component id="oc-a3">
         <name>.debug_frame</name>
         <load_address>0x828</load_address>
         <run_address>0x828</run_address>
         <size>0x100</size>
         <alignment>0x4</alignment>
         <input_file_ref idref="fl-2e"/>
      </object_component>
      <object_component id="oc-6d">
         <name>.debug_frame</name>
         <load_address>0x928</load_address>
         <run_address>0x928</run_address>
         <size>0x20</size>
         <alignment>0x4</alignment>
         <input_file_ref idref="fl-2f"/>
      </object_component>
      <object_component id="oc-4f">
         <name>.debug_frame</name>
         <load_address>0x948</load_address>
         <run_address>0x948</run_address>
         <size>0x38</size>
         <alignment>0x4</alignment>
         <input_file_ref idref="fl-31"/>
      </object_component>
      <object_component id="oc-22">
         <name>.debug_frame</name>
         <load_address>0x980</load_address>
         <run_address>0x980</run_address>
         <size>0x28</size>
         <alignment>0x4</alignment>
         <input_file_ref idref="fl-32"/>
      </object_component>
      <object_component id="oc-1e">
         <name>.debug_frame</name>
         <load_address>0x9a8</load_address>
         <run_address>0x9a8</run_address>
         <size>0x30</size>
         <alignment>0x4</alignment>
         <input_file_ref idref="fl-33"/>
      </object_component>
      <object_component id="oc-99">
         <name>.debug_frame</name>
         <load_address>0x9d8</load_address>
         <run_address>0x9d8</run_address>
         <size>0x30</size>
         <alignment>0x4</alignment>
         <input_file_ref idref="fl-34"/>
      </object_component>
      <object_component id="oc-cd">
         <name>.debug_frame</name>
         <load_address>0xa08</load_address>
         <run_address>0xa08</run_address>
         <size>0x20</size>
         <alignment>0x4</alignment>
         <input_file_ref idref="fl-d6"/>
      </object_component>
      <object_component id="oc-10d">
         <name>.debug_frame</name>
         <load_address>0xa28</load_address>
         <run_address>0xa28</run_address>
         <size>0x30</size>
         <alignment>0x4</alignment>
         <input_file_ref idref="fl-da"/>
      </object_component>
      <object_component id="oc-35">
         <name>.debug_line</name>
         <load_address>0x0</load_address>
         <run_address>0x0</run_address>
         <size>0xd22</size>
         <alignment>0x1</alignment>
         <input_file_ref idref="fl-1"/>
      </object_component>
      <object_component id="oc-5f">
         <name>.debug_line</name>
         <load_address>0xd22</load_address>
         <run_address>0xd22</run_address>
         <size>0x465</size>
         <alignment>0x1</alignment>
         <input_file_ref idref="fl-2"/>
      </object_component>
      <object_component id="oc-8d">
         <name>.debug_line</name>
         <load_address>0x1187</load_address>
         <run_address>0x1187</run_address>
         <size>0x925</size>
         <alignment>0x1</alignment>
         <input_file_ref idref="fl-3"/>
      </object_component>
      <object_component id="oc-30">
         <name>.debug_line</name>
         <load_address>0x1aac</load_address>
         <run_address>0x1aac</run_address>
         <size>0xb8</size>
         <alignment>0x1</alignment>
         <input_file_ref idref="fl-4"/>
      </object_component>
      <object_component id="oc-95">
         <name>.debug_line</name>
         <load_address>0x1b64</load_address>
         <run_address>0x1b64</run_address>
         <size>0x178</size>
         <alignment>0x1</alignment>
         <input_file_ref idref="fl-12"/>
      </object_component>
      <object_component id="oc-c7">
         <name>.debug_line</name>
         <load_address>0x1cdc</load_address>
         <run_address>0x1cdc</run_address>
         <size>0x248</size>
         <alignment>0x1</alignment>
         <input_file_ref idref="fl-13"/>
      </object_component>
      <object_component id="oc-e7">
         <name>.debug_line</name>
         <load_address>0x1f24</load_address>
         <run_address>0x1f24</run_address>
         <size>0x17a0</size>
         <alignment>0x1</alignment>
         <input_file_ref idref="fl-14"/>
      </object_component>
      <object_component id="oc-e0">
         <name>.debug_line</name>
         <load_address>0x36c4</load_address>
         <run_address>0x36c4</run_address>
         <size>0x980</size>
         <alignment>0x1</alignment>
         <input_file_ref idref="fl-15"/>
      </object_component>
      <object_component id="oc-3d">
         <name>.debug_line</name>
         <load_address>0x4044</load_address>
         <run_address>0x4044</run_address>
         <size>0x1dc</size>
         <alignment>0x1</alignment>
         <input_file_ref idref="fl-2c"/>
      </object_component>
      <object_component id="oc-a2">
         <name>.debug_line</name>
         <load_address>0x4220</load_address>
         <run_address>0x4220</run_address>
         <size>0x505</size>
         <alignment>0x1</alignment>
         <input_file_ref idref="fl-2e"/>
      </object_component>
      <object_component id="oc-6f">
         <name>.debug_line</name>
         <load_address>0x4725</load_address>
         <run_address>0x4725</run_address>
         <size>0x3e</size>
         <alignment>0x1</alignment>
         <input_file_ref idref="fl-2f"/>
      </object_component>
      <object_component id="oc-4e">
         <name>.debug_line</name>
         <load_address>0x4763</load_address>
         <run_address>0x4763</run_address>
         <size>0xf7</size>
         <alignment>0x1</alignment>
         <input_file_ref idref="fl-31"/>
      </object_component>
      <object_component id="oc-21">
         <name>.debug_line</name>
         <load_address>0x485a</load_address>
         <run_address>0x485a</run_address>
         <size>0xb9</size>
         <alignment>0x1</alignment>
         <input_file_ref idref="fl-32"/>
      </object_component>
      <object_component id="oc-1d">
         <name>.debug_line</name>
         <load_address>0x4913</load_address>
         <run_address>0x4913</run_address>
         <size>0x1ba</size>
         <alignment>0x1</alignment>
         <input_file_ref idref="fl-33"/>
      </object_component>
      <object_component id="oc-98">
         <name>.debug_line</name>
         <load_address>0x4acd</load_address>
         <run_address>0x4acd</run_address>
         <size>0x67</size>
         <alignment>0x1</alignment>
         <input_file_ref idref="fl-34"/>
      </object_component>
      <object_component id="oc-cf">
         <name>.debug_line</name>
         <load_address>0x4b34</load_address>
         <run_address>0x4b34</run_address>
         <size>0x41</size>
         <alignment>0x1</alignment>
         <input_file_ref idref="fl-d6"/>
      </object_component>
      <object_component id="oc-45">
         <name>.debug_line</name>
         <load_address>0x4b75</load_address>
         <run_address>0x4b75</run_address>
         <size>0x9d</size>
         <alignment>0x1</alignment>
         <input_file_ref idref="fl-d7"/>
      </object_component>
      <object_component id="oc-69">
         <name>.debug_line</name>
         <load_address>0x4c12</load_address>
         <run_address>0x4c12</run_address>
         <size>0xb3</size>
         <alignment>0x1</alignment>
         <input_file_ref idref="fl-d8"/>
      </object_component>
      <object_component id="oc-107">
         <name>.debug_line</name>
         <load_address>0x4cc5</load_address>
         <run_address>0x4cc5</run_address>
         <size>0xbb</size>
         <alignment>0x1</alignment>
         <input_file_ref idref="fl-d9"/>
      </object_component>
      <object_component id="oc-10e">
         <name>.debug_line</name>
         <load_address>0x4d80</load_address>
         <run_address>0x4d80</run_address>
         <size>0xae</size>
         <alignment>0x1</alignment>
         <input_file_ref idref="fl-da"/>
      </object_component>
      <object_component id="oc-80">
         <name>.debug_line</name>
         <load_address>0x4e2e</load_address>
         <run_address>0x4e2e</run_address>
         <size>0xa0</size>
         <alignment>0x1</alignment>
         <input_file_ref idref="fl-db"/>
      </object_component>
      <object_component id="oc-b2">
         <name>.debug_line</name>
         <load_address>0x4ece</load_address>
         <run_address>0x4ece</run_address>
         <size>0x80</size>
         <alignment>0x1</alignment>
         <input_file_ref idref="fl-dc"/>
      </object_component>
      <object_component id="oc-46">
         <name>.debug_aranges</name>
         <load_address>0x0</load_address>
         <run_address>0x0</run_address>
         <size>0x20</size>
         <alignment>0x1</alignment>
         <input_file_ref idref="fl-d7"/>
      </object_component>
      <object_component id="oc-68">
         <name>.debug_aranges</name>
         <load_address>0x20</load_address>
         <run_address>0x20</run_address>
         <size>0x28</size>
         <alignment>0x1</alignment>
         <input_file_ref idref="fl-d8"/>
      </object_component>
      <object_component id="oc-105">
         <name>.debug_aranges</name>
         <load_address>0x48</load_address>
         <run_address>0x48</run_address>
         <size>0x20</size>
         <alignment>0x1</alignment>
         <input_file_ref idref="fl-d9"/>
      </object_component>
      <object_component id="oc-82">
         <name>.debug_aranges</name>
         <load_address>0x68</load_address>
         <run_address>0x68</run_address>
         <size>0x28</size>
         <alignment>0x1</alignment>
         <input_file_ref idref="fl-db"/>
      </object_component>
      <object_component id="oc-b4">
         <name>.debug_aranges</name>
         <load_address>0x90</load_address>
         <run_address>0x90</run_address>
         <size>0x28</size>
         <alignment>0x1</alignment>
         <input_file_ref idref="fl-dc"/>
      </object_component>
   </object_component_list>
   <logical_group_list>
      <logical_group id="lg-2" display="no" color="cyan">
         <name>.intvecs</name>
         <load_address>0x0</load_address>
         <run_address>0x0</run_address>
         <size>0xc0</size>
         <contents>
            <object_component_ref idref="oc-18"/>
         </contents>
      </logical_group>
      <logical_group id="lg-3" display="no" color="cyan">
         <name>.text</name>
         <load_address>0xc0</load_address>
         <run_address>0xc0</run_address>
         <size>0x1be0</size>
         <contents>
            <object_component_ref idref="oc-70"/>
            <object_component_ref idref="oc-e3"/>
            <object_component_ref idref="oc-92"/>
            <object_component_ref idref="oc-ec"/>
            <object_component_ref idref="oc-dd"/>
            <object_component_ref idref="oc-84"/>
            <object_component_ref idref="oc-33"/>
            <object_component_ref idref="oc-b9"/>
            <object_component_ref idref="oc-bb"/>
            <object_component_ref idref="oc-1c"/>
            <object_component_ref idref="oc-b6"/>
            <object_component_ref idref="oc-10b"/>
            <object_component_ref idref="oc-c4"/>
            <object_component_ref idref="oc-e4"/>
            <object_component_ref idref="oc-104"/>
            <object_component_ref idref="oc-9e"/>
            <object_component_ref idref="oc-f2"/>
            <object_component_ref idref="oc-b7"/>
            <object_component_ref idref="oc-8e"/>
            <object_component_ref idref="oc-5b"/>
            <object_component_ref idref="oc-54"/>
            <object_component_ref idref="oc-89"/>
            <object_component_ref idref="oc-103"/>
            <object_component_ref idref="oc-ee"/>
            <object_component_ref idref="oc-e6"/>
            <object_component_ref idref="oc-91"/>
            <object_component_ref idref="oc-ed"/>
            <object_component_ref idref="oc-b8"/>
            <object_component_ref idref="oc-bc"/>
            <object_component_ref idref="oc-20"/>
            <object_component_ref idref="oc-ef"/>
            <object_component_ref idref="oc-8f"/>
            <object_component_ref idref="oc-51"/>
            <object_component_ref idref="oc-90"/>
            <object_component_ref idref="oc-67"/>
            <object_component_ref idref="oc-93"/>
            <object_component_ref idref="oc-34"/>
            <object_component_ref idref="oc-44"/>
            <object_component_ref idref="oc-97"/>
            <object_component_ref idref="oc-cc"/>
            <object_component_ref idref="oc-2f"/>
            <object_component_ref idref="oc-6c"/>
         </contents>
      </logical_group>
      <logical_group id="lg-4" display="no" color="cyan">
         <name>.const</name>
         <run_address>0x0</run_address>
         <size>0x0</size>
         <contents>
         </contents>
      </logical_group>
      <logical_group id="lg-5" display="no" color="cyan">
         <name>.cinit</name>
         <load_address>0x1d08</load_address>
         <run_address>0x1d08</run_address>
         <size>0x30</size>
         <contents>
            <object_component_ref idref="oc-153"/>
            <object_component_ref idref="oc-156"/>
            <object_component_ref idref="oc-155"/>
            <object_component_ref idref="oc-154"/>
         </contents>
      </logical_group>
      <logical_group id="lg-6" display="no" color="cyan">
         <name>.pinit</name>
         <run_address>0x0</run_address>
         <size>0x0</size>
         <contents>
         </contents>
      </logical_group>
      <logical_group id="lg-7" display="no" color="cyan">
         <name>.rodata</name>
         <load_address>0x1ca0</load_address>
         <run_address>0x1ca0</run_address>
         <size>0x68</size>
         <contents>
            <object_component_ref idref="oc-e5"/>
            <object_component_ref idref="oc-10a"/>
            <object_component_ref idref="oc-c8"/>
            <object_component_ref idref="oc-f1"/>
            <object_component_ref idref="oc-f0"/>
         </contents>
      </logical_group>
      <logical_group id="lg-8" display="no" color="cyan">
         <name>.ARM.exidx</name>
         <run_address>0x0</run_address>
         <size>0x0</size>
         <contents>
         </contents>
      </logical_group>
      <logical_group id="lg-9" display="no" color="cyan">
         <name>.init_array</name>
         <run_address>0x0</run_address>
         <size>0x0</size>
         <contents>
         </contents>
      </logical_group>
      <logical_group id="lg-a" display="no" color="cyan">
         <name>.binit</name>
         <load_address>0x0</load_address>
         <run_address>0x0</run_address>
         <size>0x0</size>
         <contents>
            <object_component_ref idref="oc-11d"/>
         </contents>
      </logical_group>
      <logical_group id="lg-b" display="no" color="cyan">
         <name>.TI.ramfunc</name>
         <run_address>0x0</run_address>
         <size>0x0</size>
         <contents>
         </contents>
      </logical_group>
      <logical_group id="lg-c" display="no" color="cyan">
         <name>.vtable</name>
         <run_address>0x0</run_address>
         <size>0x0</size>
         <contents>
         </contents>
      </logical_group>
      <logical_group id="lg-d" display="no" color="cyan">
         <name>.args</name>
         <run_address>0x0</run_address>
         <size>0x0</size>
         <contents>
         </contents>
      </logical_group>
      <logical_group id="lg-e" display="no" color="cyan">
         <name>.data</name>
         <run_address>0x20200450</run_address>
         <size>0x3</size>
         <contents>
            <object_component_ref idref="oc-c3"/>
            <object_component_ref idref="oc-c2"/>
            <object_component_ref idref="oc-7b"/>
         </contents>
      </logical_group>
      <logical_group id="lg-f" display="no" color="cyan">
         <name>.bss</name>
         <run_address>0x20200000</run_address>
         <size>0x450</size>
         <contents>
            <object_component_ref idref="oc-c0"/>
            <object_component_ref idref="oc-c1"/>
            <object_component_ref idref="oc-bd"/>
         </contents>
      </logical_group>
      <logical_group id="lg-10" display="no" color="cyan">
         <name>.sysmem</name>
         <run_address>0x0</run_address>
         <size>0x0</size>
         <contents>
         </contents>
      </logical_group>
      <logical_group id="lg-11" display="no" color="cyan">
         <name>.stack</name>
         <run_address>0x20207e00</run_address>
         <size>0x200</size>
         <contents>
            <object_component_ref idref="oc-1a"/>
            <object_component_ref idref="oc-158"/>
         </contents>
      </logical_group>
      <logical_group id="lg-12" display="no" color="cyan">
         <name>.BCRConfig</name>
         <run_address>0x0</run_address>
         <size>0x0</size>
         <contents>
         </contents>
      </logical_group>
      <logical_group id="lg-13" display="no" color="cyan">
         <name>.BSLConfig</name>
         <run_address>0x0</run_address>
         <size>0x0</size>
         <contents>
         </contents>
      </logical_group>
      <logical_group id="lg-114" display="no" color="cyan">
         <name>.TI.noinit</name>
         <run_address>0x0</run_address>
         <size>0x0</size>
         <contents>
         </contents>
      </logical_group>
      <logical_group id="lg-115" display="no" color="cyan">
         <name>.TI.persistent</name>
         <run_address>0x0</run_address>
         <size>0x0</size>
         <contents>
         </contents>
      </logical_group>
      <logical_group id="lg-116" display="no" color="cyan">
         <name>.TI.local</name>
         <run_address>0x0</run_address>
         <size>0x0</size>
         <contents>
         </contents>
      </logical_group>
      <logical_group id="lg-117" display="no" color="cyan">
         <name>.TI.onchip</name>
         <run_address>0x0</run_address>
         <size>0x0</size>
         <contents>
         </contents>
      </logical_group>
      <logical_group id="lg-118" display="no" color="cyan">
         <name>.TI.offchip</name>
         <run_address>0x0</run_address>
         <size>0x0</size>
         <contents>
         </contents>
      </logical_group>
      <logical_group id="lg-119" display="no" color="cyan">
         <name>__llvm_prf_cnts</name>
         <run_address>0x20200000</run_address>
         <size>0x0</size>
         <contents>
         </contents>
      </logical_group>
      <logical_group id="lg-11b" display="no" color="cyan">
         <name>__llvm_prf_bits</name>
         <run_address>0x20200000</run_address>
         <size>0x0</size>
         <contents>
         </contents>
      </logical_group>
      <logical_group id="lg-137" display="never" color="cyan">
         <name>.debug_loc</name>
         <load_address>0x0</load_address>
         <run_address>0x0</run_address>
         <size>0x2d14</size>
         <contents>
            <object_component_ref idref="oc-62"/>
            <object_component_ref idref="oc-7e"/>
            <object_component_ref idref="oc-ba"/>
            <object_component_ref idref="oc-cb"/>
            <object_component_ref idref="oc-f5"/>
            <object_component_ref idref="oc-ea"/>
            <object_component_ref idref="oc-de"/>
            <object_component_ref idref="oc-3f"/>
            <object_component_ref idref="oc-a1"/>
            <object_component_ref idref="oc-50"/>
            <object_component_ref idref="oc-4a"/>
            <object_component_ref idref="oc-42"/>
            <object_component_ref idref="oc-9d"/>
            <object_component_ref idref="oc-113"/>
         </contents>
      </logical_group>
      <logical_group id="lg-139" display="never" color="cyan">
         <name>.debug_abbrev</name>
         <load_address>0x0</load_address>
         <run_address>0x0</run_address>
         <size>0x11ef</size>
         <contents>
            <object_component_ref idref="oc-60"/>
            <object_component_ref idref="oc-7c"/>
            <object_component_ref idref="oc-be"/>
            <object_component_ref idref="oc-39"/>
            <object_component_ref idref="oc-c9"/>
            <object_component_ref idref="oc-f3"/>
            <object_component_ref idref="oc-108"/>
            <object_component_ref idref="oc-101"/>
            <object_component_ref idref="oc-3b"/>
            <object_component_ref idref="oc-d6"/>
            <object_component_ref idref="oc-87"/>
            <object_component_ref idref="oc-65"/>
            <object_component_ref idref="oc-48"/>
            <object_component_ref idref="oc-40"/>
[...]
               <size>0x1be0</size>
               <logical_group_ref idref="lg-3"/>
            </allocated_space>
            <allocated_space>
               <start_address>0x1ca0</start_address>
               <size>0x68</size>
               <logical_group_ref idref="lg-7"/>
            </allocated_space>
            <allocated_space>
               <start_address>0x1d08</start_address>
               <size>0x30</size>
               <logical_group_ref idref="lg-5"/>
            </allocated_space>
            <available_space>
               <start_address>0x1d38</start_address>
               <size>0x1e2c8</size>
            </available_space>
         </usage_details>
      </memory_area>
      <memory_area display="yes" color="green">
         <name>SRAM</name>
         <page_id>0x0</page_id>
         <origin>0x20200000</origin>
         <length>0x8000</length>
         <used_space>0x653</used_space>
         <unused_space>0x79ad</unused_space>
         <attributes>RWX</attributes>
         <usage_details>
            <allocated_space>
               <start_address>0x20200000</start_address>
               <size>0x0</size>
               <logical_group_ref idref="lg-119"/>
            </allocated_space>
            <allocated_space>
               <start_address>0x20200000</start_address>
               <size>0x0</size>
               <logical_group_ref idref="lg-11b"/>
            </allocated_space>
            <allocated_space>
               <start_address>0x20200000</start_address>
               <size>0x450</size>
               <logical_group_ref idref="lg-f"/>
            </allocated_space>
            <allocated_space>
               <start_address>0x20200450</start_address>
               <size>0x3</size>
               <logical_group_ref idref="lg-e"/>
            </allocated_space>
            <available_space>
               <start_address>0x20200453</start_address>
               <size>0x79ad</size>
            </available_space>
            <allocated_space>
               <start_address>0x20207e00</start_address>
               <size>0x200</size>
               <logical_group_ref idref="lg-11"/>
            </allocated_space>
         </usage_details>
      </memory_area>
      <memory_area display="yes" color="green">
         <name>BCR_CONFIG</name>
         <page_id>0x0</page_id>
         <origin>0x41c00000</origin>
         <length>0xff</length>
         <used_space>0x0</used_space>
         <unused_space>0xff</unused_space>
         <attributes>R</attributes>
         <usage_details>
         </usage_details>
      </memory_area>
      <memory_area display="yes" color="green">
         <name>BSL_CONFIG</name>
         <page_id>0x0</page_id>
         <origin>0x41c00100</origin>
         <length>0x80</length>
         <used_space>0x0</used_space>
         <unused_space>0x80</unused_space>
         <attributes>R</attributes>
         <usage_details>
         </usage_details>
      </memory_area>
   </placement_map>
   <cptbl_list>
      <cptbl>
         <name>__TI_cinit_table</name>
         <cprec>
            <name>.bss</name>
            <load_address>0x1d14</load_address>
            <load_size>0x8</load_size>
            <run_address>0x20200000</run_address>
            <run_size>0x450</run_size>
            <compression>zero_init</compression>
         </cprec>
         <cprec>
            <name>.data</name>
            <load_address>0x1d1c</load_address>
            <load_size>0x7</load_size>
            <run_address>0x20200450</run_address>
            <run_size>0x3</run_size>
            <compression>lzss</compression>
         </cprec>
      </cptbl>
   </cptbl_list>
   <handler_table>
      <handler_table_name>__TI_handler_table</handler_table_name>
      <handler>
         <index>0x0</index>
         <name>__TI_decompress_lzss</name>
      </handler>
      <handler>
         <index>0x1</index>
         <name>__TI_decompress_none</name>
      </handler>
      <handler>
         <index>0x2</index>
         <name>__TI_zero_init</name>
      </handler>
   </handler_table>
   <symbol_table>
      <symbol id="sm-1">
         <name>__start___llvm_prf_cnts</name>
         <value>0x20200000</value>
      </symbol>
      <symbol id="sm-2">
         <name>__stop___llvm_prf_cnts</name>
         <value>0x20200000</value>
      </symbol>
      <symbol id="sm-3">
         <name>__start___llvm_prf_bits</name>
         <value>0x20200000</value>
      </symbol>
      <symbol id="sm-4">
         <name>__stop___llvm_prf_bits</name>
         <value>0x20200000</value>
      </symbol>
      <symbol id="sm-5">
         <name>__TI_CINIT_Base</name>
         <value>0x1d24</value>
      </symbol>
      <symbol id="sm-6">
         <name>__TI_CINIT_Limit</name>
         <value>0x1d34</value>
      </symbol>
      <symbol id="sm-7">
         <name>__TI_CINIT_Warm</name>
         <value>0x1d34</value>
      </symbol>
      <symbol id="sm-8">
         <name>__TI_Handler_Table_Base</name>
         <value>0x1d08</value>
      </symbol>
      <symbol id="sm-9">
         <name>__TI_Handler_Table_Limit</name>
         <value>0x1d14</value>
      </symbol>
      <symbol id="sm-a">
         <name>binit</name>
         <value>0xffffffff</value>
      </symbol>
      <symbol id="sm-b">
         <name>__binit__</name>
         <value>0xffffffff</value>
      </symbol>
      <symbol id="sm-c">
         <name>__STACK_SIZE</name>
         <value>0x200</value>
      </symbol>
      <symbol id="sm-d">
         <name>__STACK_END</name>
         <value>0x20208000</value>
      </symbol>
      <symbol id="sm-e">
         <name>__TI_pprof_out_hndl</name>
         <value>0xffffffff</value>
      </symbol>
      <symbol id="sm-f">
         <name>__TI_prof_data_start</name>
         <value>0xffffffff</value>
      </symbol>
      <symbol id="sm-10">
         <name>__TI_prof_data_size</name>
         <value>0xffffffff</value>
      </symbol>
      <symbol id="sm-41">
         <name>DMA_IRQHandler</name>
         <value>0x1c77</value>
         <object_component_ref idref="oc-34"/>
      </symbol>
      <symbol id="sm-42">
         <name>main</name>
         <value>0xc1</value>
         <object_component_ref idref="oc-70"/>
      </symbol>
      <symbol id="sm-68">
         <name>WS2812_Init</name>
         <value>0x1abd</value>
         <object_component_ref idref="oc-8e"/>
      </symbol>
      <symbol id="sm-69">
         <name>WS2812_SetLED</name>
         <value>0x1bb1</value>
         <object_component_ref idref="oc-91"/>
      </symbol>
      <symbol id="sm-6a">
         <name>WS2812_SetBrightness</name>
         <value>0x1c55</value>
         <object_component_ref idref="oc-90"/>
      </symbol>
      <symbol id="sm-6b">
         <name>WS2812_SetNumLEDs</name>
         <value>0x1c35</value>
         <object_component_ref idref="oc-8f"/>
      </symbol>
      <symbol id="sm-6c">
         <name>WS2812_Send</name>
         <value>0x12e9</value>
         <object_component_ref idref="oc-92"/>
      </symbol>
      <symbol id="sm-6d">
         <name>WS2812_DMA_IRQHandler</name>
         <value>0x1ae9</value>
         <object_component_ref idref="oc-5b"/>
      </symbol>
      <symbol id="sm-95">
         <name>SYSCFG_DL_init</name>
         <value>0x1b39</value>
         <object_component_ref idref="oc-89"/>
      </symbol>
      <symbol id="sm-96">
         <name>SYSCFG_DL_initPower</name>
         <value>0x1a91</value>
         <object_component_ref idref="oc-b7"/>
      </symbol>
      <symbol id="sm-97">
         <name>SYSCFG_DL_GPIO_init</name>
         <value>0x1be5</value>
         <object_component_ref idref="oc-b8"/>
      </symbol>
      <symbol id="sm-98">
         <name>SYSCFG_DL_SYSCTL_init</name>
         <value>0x1769</value>
         <object_component_ref idref="oc-b9"/>
      </symbol>
      <symbol id="sm-99">
         <name>SYSCFG_DL_PWM_WS2812_init</name>
         <value>0x17f9</value>
         <object_component_ref idref="oc-bb"/>
      </symbol>
      <symbol id="sm-9a">
         <name>SYSCFG_DL_DMA_init</name>
         <value>0x1bfd</value>
         <object_component_ref idref="oc-bc"/>
      </symbol>
      <symbol id="sm-9b">
         <name>gPWM_WS2812Backup</name>
         <value>0x20200364</value>
      </symbol>
      <symbol id="sm-9c">
         <name>SYSCFG_DL_SYSCTL_SYSPLL_init</name>
         <value>0x1041</value>
         <object_component_ref idref="oc-e3"/>
      </symbol>
      <symbol id="sm-9d">
         <name>SYSCFG_DL_TIMA0_CCP0_init</name>
         <value>0x1a61</value>
         <object_component_ref idref="oc-f2"/>
      </symbol>
      <symbol id="sm-a8">
         <name>Default_Handler</name>
         <value>0x1767</value>
         <object_component_ref idref="oc-33"/>
      </symbol>
      <symbol id="sm-a9">
         <name>Reset_Handler</name>
         <value>0x1c93</value>
         <object_component_ref idref="oc-2f"/>
      </symbol>
      <symbol id="sm-aa">
         <name>interruptVectors</name>
         <value>0x0</value>
         <object_component_ref idref="oc-18"/>
      </symbol>
      <symbol id="sm-ab">
         <name>NMI_Handler</name>
         <value>0x1767</value>
         <object_component_ref idref="oc-33"/>
      </symbol>
      <symbol id="sm-ac">
         <name>HardFault_Handler</name>
         <value>0x1767</value>
         <object_component_ref idref="oc-33"/>
      </symbol>
      <symbol id="sm-ad">
         <name>SVC_Handler</name>
         <value>0x1767</value>
         <object_component_ref idref="oc-33"/>
      </symbol>
      <symbol id="sm-ae">
         <name>PendSV_Handler</name>
         <value>0x1767</value>
         <object_component_ref idref="oc-33"/>
      </symbol>
      <symbol id="sm-af">
         <name>SysTick_Handler</name>
         <value>0x1767</value>
         <object_component_ref idref="oc-33"/>
      </symbol>
      <symbol id="sm-b0">
         <name>GROUP0_IRQHandler</name>
         <value>0x1767</value>
         <object_component_ref idref="oc-33"/>
      </symbol>
      <symbol id="sm-b1">
         <name>GROUP1_IRQHandler</name>
         <value>0x1767</value>
         <object_component_ref idref="oc-33"/>
      </symbol>
      <symbol id="sm-b2">
         <name>TIMG8_IRQHandler</name>
         <value>0x1767</value>
         <object_component_ref idref="oc-33"/>
      </symbol>
      <symbol id="sm-b3">
         <name>UART3_IRQHandler</name>
         <value>0x1767</value>
         <object_component_ref idref="oc-33"/>
      </symbol>
      <symbol id="sm-b4">
         <name>ADC0_IRQHandler</name>
         <value>0x1767</value>
         <object_component_ref idref="oc-33"/>
      </symbol>
      <symbol id="sm-b5">
         <name>ADC1_IRQHandler</name>
         <value>0x1767</value>
         <object_component_ref idref="oc-33"/>
      </symbol>
      <symbol id="sm-b6">
         <name>CANFD0_IRQHandler</name>
         <value>0x1767</value>
         <object_component_ref idref="oc-33"/>
      </symbol>
      <symbol id="sm-b7">
         <name>DAC0_IRQHandler</name>
         <value>0x1767</value>
         <object_component_ref idref="oc-33"/>
      </symbol>
      <symbol id="sm-b8">
         <name>SPI0_IRQHandler</name>
         <value>0x1767</value>
         <object_component_ref idref="oc-33"/>
      </symbol>
      <symbol id="sm-b9">
         <name>SPI1_IRQHandler</name>
         <value>0x1767</value>
         <object_component_ref idref="oc-33"/>
      </symbol>
      <symbol id="sm-ba">
         <name>UART1_IRQHandler</name>
         <value>0x1767</value>
         <object_component_ref idref="oc-33"/>
      </symbol>
      <symbol id="sm-bb">
         <name>UART2_IRQHandler</name>
         <value>0x1767</value>
         <object_component_ref idref="oc-33"/>
      </symbol>
      <symbol id="sm-bc">
         <name>UART0_IRQHandler</name>
         <value>0x1767</value>
         <object_component_ref idref="oc-33"/>
      </symbol>
      <symbol id="sm-bd">
         <name>TIMG0_IRQHandler</name>
         <value>0x1767</value>
         <object_component_ref idref="oc-33"/>
      </symbol>
      <symbol id="sm-be">
         <name>TIMG6_IRQHandler</name>
         <value>0x1767</value>
         <object_component_ref idref="oc-33"/>
      </symbol>
      <symbol id="sm-bf">
         <name>TIMA0_IRQHandler</name>
         <value>0x1767</value>
         <object_component_ref idref="oc-33"/>
      </symbol>
      <symbol id="sm-c0">
         <name>TIMA1_IRQHandler</name>
         <value>0x1767</value>
         <object_component_ref idref="oc-33"/>
      </symbol>
      <symbol id="sm-c1">
         <name>TIMG7_IRQHandler</name>
         <value>0x1767</value>
         <object_component_ref idref="oc-33"/>
      </symbol>
      <symbol id="sm-c2">
         <name>TIMG12_IRQHandler</name>
         <value>0x1767</value>
         <object_component_ref idref="oc-33"/>
      </symbol>
      <symbol id="sm-c3">
         <name>I2C0_IRQHandler</name>
         <value>0x1767</value>
         <object_component_ref idref="oc-33"/>
      </symbol>
      <symbol id="sm-c4">
         <name>I2C1_IRQHandler</name>
         <value>0x1767</value>
         <object_component_ref idref="oc-33"/>
      </symbol>
      <symbol id="sm-c5">
         <name>AES_IRQHandler</name>
         <value>0x1767</value>
         <object_component_ref idref="oc-33"/>
      </symbol>
      <symbol id="sm-c6">
         <name>RTC_IRQHandler</name>
         <value>0x1767</value>
         <object_component_ref idref="oc-33"/>
      </symbol>
      <symbol id="sm-c7">
         <name>__TI_ATRegion0_src_addr</name>
         <value>0x0</value>
      </symbol>
      <symbol id="sm-c8">
         <name>__TI_ATRegion0_trg_addr</name>
         <value>0x0</value>
      </symbol>
      <symbol id="sm-c9">
         <name>__TI_ATRegion0_region_sz</name>
         <value>0x0</value>
      </symbol>
      <symbol id="sm-ca">
         <name>__TI_ATRegion1_src_addr</name>
         <value>0x0</value>
      </symbol>
      <symbol id="sm-cb">
         <name>__TI_ATRegion1_trg_addr</name>
         <value>0x0</value>
      </symbol>
      <symbol id="sm-cc">
         <name>__TI_ATRegion1_region_sz</name>
         <value>0x0</value>
      </symbol>
      <symbol id="sm-cd">
         <name>__TI_ATRegion2_src_addr</name>
         <value>0x0</value>
      </symbol>
      <symbol id="sm-ce">
         <name>__TI_ATRegion2_trg_addr</name>
         <value>0x0</value>
      </symbol>
      <symbol id="sm-cf">
         <name>__TI_ATRegion2_region_sz</name>
         <value>0x0</value>
      </symbol>
      <symbol id="sm-d8">
         <name>DL_Common_delayCycles</name>
         <value>0x1c6d</value>
         <object_component_ref idref="oc-93"/>
      </symbol>
      <symbol id="sm-e2">
         <name>DL_DMA_initChannel</name>
         <value>0x1955</value>
         <object_component_ref idref="oc-c4"/>
      </symbol>
      <symbol id="sm-f9">
         <name>DL_Timer_setClockConfig</name>
         <value>0x1b95</value>
         <object_component_ref idref="oc-e6"/>
      </symbol>
      <symbol id="sm-fa">
         <name>DL_Timer_setCaptureCompareValue</name>
         <value>0x1c25</value>
         <object_component_ref idref="oc-ef"/>
      </symbol>
      <symbol id="sm-fb">
         <name>DL_Timer_setCaptCompUpdateMethod</name>
         <value>0x1b79</value>
         <object_component_ref idref="oc-ee"/>
      </symbol>
      <symbol id="sm-fc">
         <name>DL_Timer_setCaptureCompareOutCtl</name>
         <value>0x1bcd</value>
         <object_component_ref idref="oc-ed"/>
      </symbol>
      <symbol id="sm-fd">
         <name>DL_Timer_initFourCCPWMMode</name>
         <value>0x14ed</value>
         <object_component_ref idref="oc-ec"/>
      </symbol>
      <symbol id="sm-10e">
         <name>DL_SYSCTL_configSYSPLL</name>
         <value>0x15f1</value>
         <object_component_ref idref="oc-dd"/>
      </symbol>
      <symbol id="sm-10f">
         <name>DL_SYSCTL_switchMCLKfromSYSOSCtoHSCLK</name>
         <value>0x19a1</value>
         <object_component_ref idref="oc-e4"/>
      </symbol>
      <symbol id="sm-110">
         <name>DL_SYSCTL_configFCC</name>
         <value>0x1b5d</value>
         <object_component_ref idref="oc-103"/>
      </symbol>
      <symbol id="sm-11b">
         <name>_c_int00_noargs</name>
         <value>0x1b11</value>
         <object_component_ref idref="oc-54"/>
      </symbol>
      <symbol id="sm-11c">
         <name>__stack</name>
         <value>0x20207e00</value>
         <object_component_ref idref="oc-1a"/>
      </symbol>
      <symbol id="sm-128">
         <name>__TI_auto_init_nobinit_nopinit</name>
         <value>0x1a25</value>
         <object_component_ref idref="oc-9e"/>
      </symbol>
      <symbol id="sm-130">
         <name>_system_pre_init</name>
         <value>0x1c97</value>
         <object_component_ref idref="oc-6c"/>
      </symbol>
      <symbol id="sm-13b">
         <name>__TI_zero_init</name>
         <value>0x1c45</value>
         <object_component_ref idref="oc-51"/>
      </symbol>
      <symbol id="sm-144">
         <name>__TI_decompress_none</name>
         <value>0x1c11</value>
         <object_component_ref idref="oc-20"/>
      </symbol>
      <symbol id="sm-14f">
         <name>__TI_decompress_lzss</name>
         <value>0x1875</value>
         <object_component_ref idref="oc-1c"/>
      </symbol>
      <symbol id="sm-159">
         <name>abort</name>
         <value>0x1c89</value>
         <object_component_ref idref="oc-97"/>
      </symbol>
      <symbol id="sm-163">
         <name>HOSTexit</name>
         <value>0x1c8f</value>
         <object_component_ref idref="oc-cc"/>
      </symbol>
      <symbol id="sm-164">
         <name>C$$EXIT</name>
         <value>0x1c8e</value>
         <object_component_ref idref="oc-cc"/>
      </symbol>
      <symbol id="sm-16a">
         <name>__aeabi_memcpy</name>
         <value>0x1c81</value>
         <object_component_ref idref="oc-44"/>
      </symbol>
      <symbol id="sm-16b">
         <name>__aeabi_memcpy4</name>
         <value>0x1c81</value>
         <object_component_ref idref="oc-44"/>
      </symbol>
      <symbol id="sm-16c">
         <name>__aeabi_memcpy8</name>
         <value>0x1c81</value>
         <object_component_ref idref="oc-44"/>
      </symbol>
      <symbol id="sm-173">
         <name>__aeabi_memclr</name>
         <value>0x1c61</value>
         <object_component_ref idref="oc-67"/>
      </symbol>
      <symbol id="sm-174">
         <name>__aeabi_memclr4</name>
         <value>0x1c61</value>
         <object_component_ref idref="oc-67"/>
      </symbol>
      <symbol id="sm-175">
         <name>__aeabi_memclr8</name>
         <value>0x1c61</value>
         <object_component_ref idref="oc-67"/>
      </symbol>
      <symbol id="sm-17b">
         <name>__aeabi_uidiv</name>
         <value>0x19e5</value>
         <object_component_ref idref="oc-104"/>
      </symbol>
      <symbol id="sm-17c">
         <name>__aeabi_uidivmod</name>
         <value>0x19e5</value>
         <object_component_ref idref="oc-104"/>
      </symbol>
      <symbol id="sm-186">
         <name>__aeabi_idiv0</name>
         <value>0x1953</value>
         <object_component_ref idref="oc-10b"/>
      </symbol>
      <symbol id="sm-19f">
         <name>memcpy</name>
         <value>0x16cd</value>
         <object_component_ref idref="oc-84"/>
      </symbol>
      <symbol id="sm-1ae">
         <name>memset</name>
         <value>0x18f1</value>
         <object_component_ref idref="oc-b6"/>
      </symbol>
      <symbol id="sm-1af">
         <name>__TI_static_base__</name>
         <value>0x0</value>
      </symbol>
      <symbol id="sm-1b2">
         <name>__mpu_init</name>
         <value>0x0</value>
      </symbol>
      <symbol id="sm-1b3">
         <name>_system_post_cinit</name>
         <value>0x0</value>
      </symbol>
   </symbol_table>
   <title>Link successful</title>
</link_info>
