******************************************************************************
            TI ARM Clang Linker PC v4.0.4                      
******************************************************************************
>> Linked Tue May  5 19:56:07 2026

OUTPUT FILE NAME:   <timx_timer_mode_pwm_edge_sleep.out>
ENTRY POINT SYMBOL: "_c_int00_noargs"  address: 00001b11


MEMORY CONFIGURATION

         name            origin    length      used     unused   attr    fill
----------------------  --------  ---------  --------  --------  ----  --------
  FLASH                 00000000   00020000  00001d38  0001e2c8  R  X
  SRAM                  20200000   00008000  00000653  000079ad  RW X
  BCR_CONFIG            41c00000   000000ff  00000000  000000ff  R   
  BSL_CONFIG            41c00100   00000080  00000000  00000080  R   


SEGMENT ALLOCATION MAP

run origin  load origin   length   init length attrs members
----------  ----------- ---------- ----------- ----- -------
00000000    00000000    00001d38   00001d38    r-x
  00000000    00000000    000000c0   000000c0    r-- .intvecs
  000000c0    000000c0    00001be0   00001be0    r-x .text
  00001ca0    00001ca0    00000068   00000068    r-- .rodata
  00001d08    00001d08    00000030   00000030    r-- .cinit
20200000    20200000    00000453   00000000    rw-
  20200000    20200000    00000450   00000000    rw- .bss
  20200450    20200450    00000003   00000000    rw- .data
20207e00    20207e00    00000200   00000000    rw-
  20207e00    20207e00    00000200   00000000    rw- .stack


SECTION ALLOCATION MAP

 output                                  attributes/
section   page    origin      length       input sections
--------  ----  ----------  ----------   ----------------
.intvecs   0    00000000    000000c0     
                  00000000    000000c0     startup_mspm0g350x_ticlang.o (.intvecs)

.text      0    000000c0    00001be0     
                  000000c0    00000f80     main.o (.text.main)
                  00001040    000002a8     ti_msp_dl_config.o (.text.SYSCFG_DL_SYSCTL_SYSPLL_init)
                  000012e8    00000204     ws2812.o (.text.WS2812_Send)
                  000014ec    00000104     driverlib.a : dl_timer.o (.text.DL_Timer_initFourCCPWMMode)
                  000015f0    000000dc                 : dl_sysctl_mspm0g1x0x_g3x0x.o (.text.DL_SYSCTL_configSYSPLL)
                  000016cc    0000009a     libc.a : memcpy16.S.obj (.text:memcpy)
                  00001766    00000002     startup_mspm0g350x_ticlang.o (.text.Default_Handler)
                  00001768    00000090     ti_msp_dl_config.o (.text.SYSCFG_DL_SYSCTL_init)
                  000017f8    0000007c     ti_msp_dl_config.o (.text.SYSCFG_DL_PWM_WS2812_init)
                  00001874    0000007c     libc.a : copy_decompress_lzss.c.obj (.text:decompress:lzss)
                  000018f0    00000062            : memset16.S.obj (.text:memset)
                  00001952    00000002     libclang_rt.builtins.a : aeabi_div0.c.obj (.text.__aeabi_idiv0)
                  00001954    0000004c     driverlib.a : dl_dma.o (.text.DL_DMA_initChannel)
                  000019a0    00000044                 : dl_sysctl_mspm0g1x0x_g3x0x.o (.text.DL_SYSCTL_switchMCLKfromSYSOSCtoHSCLK)
                  000019e4    00000040     libclang_rt.builtins.a : aeabi_uidivmod.S.obj (.text.__aeabi_uidivmod)
                  00001a24    0000003c     libc.a : autoinit.c.obj (.text:__TI_auto_init_nobinit_nopinit)
                  00001a60    00000030     ti_msp_dl_config.o (.text.SYSCFG_DL_TIMA0_CCP0_init)
                  00001a90    0000002c     ti_msp_dl_config.o (.text.SYSCFG_DL_initPower)
                  00001abc    0000002c     ws2812.o (.text.WS2812_Init)
                  00001ae8    00000028     ws2812.o (.text.WS2812_DMA_IRQHandler)
                  00001b10    00000028     libc.a : boot_cortex_m.c.obj (.text:_c_int00_noargs)
                  00001b38    00000024     ti_msp_dl_config.o (.text.SYSCFG_DL_init)
                  00001b5c    0000001c     driverlib.a : dl_sysctl_mspm0g1x0x_g3x0x.o (.text.DL_SYSCTL_configFCC)
                  00001b78    0000001c                 : dl_timer.o (.text.DL_Timer_setCaptCompUpdateMethod)
                  00001b94    0000001c                 : dl_timer.o (.text.DL_Timer_setClockConfig)
                  00001bb0    0000001c     ws2812.o (.text.WS2812_SetLED)
                  00001bcc    00000018     driverlib.a : dl_timer.o (.text.DL_Timer_setCaptureCompareOutCtl)
                  00001be4    00000018     ti_msp_dl_config.o (.text.SYSCFG_DL_GPIO_init)
                  00001bfc    00000014     ti_msp_dl_config.o (.text.SYSCFG_DL_DMA_init)
                  00001c10    00000012     libc.a : copy_decompress_none.c.obj (.text:decompress:none)
                  00001c22    00000002     --HOLE-- [fill = 0]
                  00001c24    00000010     driverlib.a : dl_timer.o (.text.DL_Timer_setCaptureCompareValue)
                  00001c34    00000010     ws2812.o (.text.WS2812_SetNumLEDs)
                  00001c44    00000010     libc.a : copy_zero_init.c.obj (.text:decompress:ZI)
                  00001c54    0000000c     ws2812.o (.text.WS2812_SetBrightness)
                  00001c60    0000000c     libclang_rt.builtins.a : aeabi_memset.S.obj (.text.__aeabi_memclr)
                  00001c6c    0000000a     driverlib.a : dl_common.o (.text.DL_Common_delayCycles)
                  00001c76    00000008     main.o (.text.DMA_IRQHandler)
                  00001c7e    00000002     --HOLE-- [fill = 0]
                  00001c80    00000008     libclang_rt.builtins.a : aeabi_memcpy.S.obj (.text.__aeabi_memcpy)
                  00001c88    00000006     libc.a : exit.c.obj (.text:abort)
                  00001c8e    00000004     libsysbm.a : hostexit.c.obj (.text.HOSTexit)
                  00001c92    00000004     startup_mspm0g350x_ticlang.o (.text.Reset_Handler)
                  00001c96    00000004     libc.a : pre_init.c.obj (.text._system_pre_init)
                  00001c9a    00000006     --HOLE-- [fill = 0]

.cinit     0    00001d08    00000030     
                  00001d08    0000000c     (__TI_handler_table)
                  00001d14    00000008     (.cinit..bss.load) [load image, compression = zero_init]
                  00001d1c    00000007     (.cinit..data.load) [load image, compression = lzss]
                  00001d23    00000001     --HOLE-- [fill = 0]
                  00001d24    00000010     (__TI_cinit_table)
                  00001d34    00000004     --HOLE-- [fill = 0]

.rodata    0    00001ca0    00000068     
                  00001ca0    00000028     ti_msp_dl_config.o (.rodata.gSYSPLLConfig)
                  00001cc8    00000018     ti_msp_dl_config.o (.rodata.gTIMA0_CCP0Config)
                  00001ce0    00000018     ws2812.o (.rodata.gWS2812_DMAConfig)
                  00001cf8    00000008     ti_msp_dl_config.o (.rodata.gPWM_WS2812Config)
                  00001d00    00000003     ti_msp_dl_config.o (.rodata.gPWM_WS2812ClockConfig)
                  00001d03    00000005     --HOLE-- [fill = 0]

.init_array 
*          0    00000000    00000000     UNINITIALIZED

.binit     0    00000000    00000000     

.bss       0    20200000    00000450     UNINITIALIZED
                  20200000    00000364     ws2812.o (.bss.gPwmBuffer)
                  20200364    000000bc     (.common:gPWM_WS2812Backup)
                  20200420    00000030     ws2812.o (.bss.gLedData)

.data      0    20200450    00000003     UNINITIALIZED
                  20200450    00000001     ws2812.o (.data.gBrightness)
                  20200451    00000001     ws2812.o (.data.gNumLEDs)
                  20200452    00000001     ws2812.o (.data.gTransferDone)

.stack     0    20207e00    00000200     UNINITIALIZED
                  20207e00    00000004     libc.a : boot_cortex_m.c.obj (.stack)
                  20207e04    000001fc     --HOLE--

__llvm_prf_cnts 
*          0    20200000    00000000     UNINITIALIZED

__llvm_prf_bits 
*          0    20200000    00000000     UNINITIALIZED

MODULE SUMMARY

       Module                         code   ro data   rw data
       ------                         ----   -------   -------
    .\
       main.o                         3976   0         0      
       ws2812.o                       656    24        919    
       ti_msp_dl_config.o             1120   75        188    
       startup_mspm0g350x_ticlang.o   6      192       0      
    +--+------------------------------+------+---------+---------+
       Total:                         5758   291       1107   
                                                              
    C:/TI/mspm0_sdk_2_10_00_04/source/ti/driverlib/lib/ticlang/m0p/mspm0g1x0x_g3x0x/driverlib.a
       dl_timer.o                     356    0         0      
       dl_sysctl_mspm0g1x0x_g3x0x.o   316    0         0      
       dl_dma.o                       76     0         0      
       dl_common.o                    10     0         0      
    +--+------------------------------+------+---------+---------+
       Total:                         758    0         0      
                                                              
    C:\Users\jagod\ccs\tools\compiler\ti-cgt-armllvm_4.0.4.LTS\lib\armv6m-ti-none-eabi/c/libc.a
       memcpy16.S.obj                 154    0         0      
       copy_decompress_lzss.c.obj     124    0         0      
       memset16.S.obj                 98     0         0      
       autoinit.c.obj                 60     0         0      
       boot_cortex_m.c.obj            40     0         0      
       copy_decompress_none.c.obj     18     0         0      
       copy_zero_init.c.obj           16     0         0      
       exit.c.obj                     6      0         0      
       pre_init.c.obj                 4      0         0      
    +--+------------------------------+------+---------+---------+
       Total:                         520    0         0      
                                                              
    C:\Users\jagod\ccs\tools\compiler\ti-cgt-armllvm_4.0.4.LTS\lib\armv6m-ti-none-eabi/c/libsysbm.a
       hostexit.c.obj                 4      0         0      
    +--+------------------------------+------+---------+---------+
       Total:                         4      0         0      
                                                              
    C:\Users\jagod\ccs\tools\compiler\ti-cgt-armllvm_4.0.4.LTS\lib\armv6m-ti-none-eabi/libclang_rt.builtins.a
       aeabi_uidivmod.S.obj           64     0         0      
       aeabi_memset.S.obj             12     0         0      
       aeabi_memcpy.S.obj             8      0         0      
       aeabi_div0.c.obj               2      0         0      
    +--+------------------------------+------+---------+---------+
       Total:                         86     0         0      
                                                              
       Stack:                         0      0         512    
       Linker Generated:              0      43        0      
    +--+------------------------------+------+---------+---------+
       Grand Total:                   7126   334       1619   


LINKER GENERATED COPY TABLES

__TI_cinit_table @ 00001d24 records: 2, size/record: 8, table size: 16
	.bss: load addr=00001d14, load size=00000008 bytes, run addr=20200000, run size=00000450 bytes, compression=zero_init
	.data: load addr=00001d1c, load size=00000007 bytes, run addr=20200450, run size=00000003 bytes, compression=lzss


LINKER GENERATED HANDLER TABLE

__TI_handler_table @ 00001d08 records: 3, size/record: 4, table size: 12
	index: 0, handler: __TI_decompress_lzss
	index: 1, handler: __TI_decompress_none
	index: 2, handler: __TI_zero_init


GLOBAL SYMBOLS: SORTED ALPHABETICALLY BY Name 

address   name                                 
-------   ----                                 
00001767  ADC0_IRQHandler                      
00001767  ADC1_IRQHandler                      
00001767  AES_IRQHandler                       
00001c8e  C$$EXIT                              
00001767  CANFD0_IRQHandler                    
00001767  DAC0_IRQHandler                      
00001c6d  DL_Common_delayCycles                
00001955  DL_DMA_initChannel                   
00001b5d  DL_SYSCTL_configFCC                  
000015f1  DL_SYSCTL_configSYSPLL               
000019a1  DL_SYSCTL_switchMCLKfromSYSOSCtoHSCLK
000014ed  DL_Timer_initFourCCPWMMode           
00001b79  DL_Timer_setCaptCompUpdateMethod     
00001bcd  DL_Timer_setCaptureCompareOutCtl     
00001c25  DL_Timer_setCaptureCompareValue      
00001b95  DL_Timer_setClockConfig              
00001c77  DMA_IRQHandler                       
00001767  Default_Handler                      
00001767  GROUP0_IRQHandler                    
00001767  GROUP1_IRQHandler                    
00001c8f  HOSTexit                             
00001767  HardFault_Handler                    
00001767  I2C0_IRQHandler                      
00001767  I2C1_IRQHandler                      
00001767  NMI_Handler                          
00001767  PendSV_Handler                       
00001767  RTC_IRQHandler                       
00001c93  Reset_Handler                        
00001767  SPI0_IRQHandler                      
00001767  SPI1_IRQHandler                      
00001767  SVC_Handler                          
00001bfd  SYSCFG_DL_DMA_init                   
00001be5  SYSCFG_DL_GPIO_init                  
000017f9  SYSCFG_DL_PWM_WS2812_init            
00001041  SYSCFG_DL_SYSCTL_SYSPLL_init         
00001769  SYSCFG_DL_SYSCTL_init                
00001a61  SYSCFG_DL_TIMA0_CCP0_init            
00001b39  SYSCFG_DL_init                       
00001a91  SYSCFG_DL_initPower                  
00001767  SysTick_Handler                      
00001767  TIMA0_IRQHandler                     
00001767  TIMA1_IRQHandler                     
00001767  TIMG0_IRQHandler                     
00001767  TIMG12_IRQHandler                    
00001767  TIMG6_IRQHandler                     
00001767  TIMG7_IRQHandler                     
00001767  TIMG8_IRQHandler                     
00001767  UART0_IRQHandler                     
00001767  UART1_IRQHandler                     
00001767  UART2_IRQHandler                     
00001767  UART3_IRQHandler                     
00001ae9  WS2812_DMA_IRQHandler                
00001abd  WS2812_Init                          
000012e9  WS2812_Send                          
00001c55  WS2812_SetBrightness                 
00001bb1  WS2812_SetLED                        
00001c35  WS2812_SetNumLEDs                    
20208000  __STACK_END                          
00000200  __STACK_SIZE                         
00000000  __TI_ATRegion0_region_sz             
00000000  __TI_ATRegion0_src_addr              
00000000  __TI_ATRegion0_trg_addr              
00000000  __TI_ATRegion1_region_sz             
00000000  __TI_ATRegion1_src_addr              
00000000  __TI_ATRegion1_trg_addr              
00000000  __TI_ATRegion2_region_sz             
00000000  __TI_ATRegion2_src_addr              
00000000  __TI_ATRegion2_trg_addr              
00001d24  __TI_CINIT_Base                      
00001d34  __TI_CINIT_Limit                     
00001d34  __TI_CINIT_Warm                      
00001d08  __TI_Handler_Table_Base              
00001d14  __TI_Handler_Table_Limit             
00001a25  __TI_auto_init_nobinit_nopinit       
00001875  __TI_decompress_lzss                 
00001c11  __TI_decompress_none                 
ffffffff  __TI_pprof_out_hndl                  
ffffffff  __TI_prof_data_size                  
ffffffff  __TI_prof_data_start                 
00000000  __TI_static_base__                   
00001c45  __TI_zero_init                       
00001953  __aeabi_idiv0                        
00001c61  __aeabi_memclr                       
00001c61  __aeabi_memclr4                      
00001c61  __aeabi_memclr8                      
00001c81  __aeabi_memcpy                       
00001c81  __aeabi_memcpy4                      
00001c81  __aeabi_memcpy8                      
000019e5  __aeabi_uidiv                        
000019e5  __aeabi_uidivmod                     
ffffffff  __binit__                            
UNDEFED   __mpu_init                           
20207e00  __stack                              
20200000  __start___llvm_prf_bits              
20200000  __start___llvm_prf_cnts              
20200000  __stop___llvm_prf_bits               
20200000  __stop___llvm_prf_cnts               
00001b11  _c_int00_noargs                      
UNDEFED   _system_post_cinit                   
00001c97  _system_pre_init                     
00001c89  abort                                
ffffffff  binit                                
20200364  gPWM_WS2812Backup                    
00000000  interruptVectors                     
000000c1  main                                 
000016cd  memcpy                               
000018f1  memset                               


GLOBAL SYMBOLS: SORTED BY Symbol Address 

address   name                                 
-------   ----                                 
00000000  __TI_ATRegion0_region_sz             
00000000  __TI_ATRegion0_src_addr              
00000000  __TI_ATRegion0_trg_addr              
00000000  __TI_ATRegion1_region_sz             
00000000  __TI_ATRegion1_src_addr              
00000000  __TI_ATRegion1_trg_addr              
00000000  __TI_ATRegion2_region_sz             
00000000  __TI_ATRegion2_src_addr              
00000000  __TI_ATRegion2_trg_addr              
00000000  __TI_static_base__                   
00000000  interruptVectors                     
000000c1  main                                 
00000200  __STACK_SIZE                         
00001041  SYSCFG_DL_SYSCTL_SYSPLL_init         
000012e9  WS2812_Send                          
000014ed  DL_Timer_initFourCCPWMMode           
000015f1  DL_SYSCTL_configSYSPLL               
000016cd  memcpy                               
00001767  ADC0_IRQHandler                      
00001767  ADC1_IRQHandler                      
00001767  AES_IRQHandler                       
00001767  CANFD0_IRQHandler                    
00001767  DAC0_IRQHandler                      
00001767  Default_Handler                      
00001767  GROUP0_IRQHandler                    
00001767  GROUP1_IRQHandler                    
00001767  HardFault_Handler                    
00001767  I2C0_IRQHandler                      
00001767  I2C1_IRQHandler                      
00001767  NMI_Handler                          
00001767  PendSV_Handler                       
00001767  RTC_IRQHandler                       
00001767  SPI0_IRQHandler                      
00001767  SPI1_IRQHandler                      
00001767  SVC_Handler                          
00001767  SysTick_Handler                      
00001767  TIMA0_IRQHandler                     
00001767  TIMA1_IRQHandler                     
00001767  TIMG0_IRQHandler                     
00001767  TIMG12_IRQHandler                    
00001767  TIMG6_IRQHandler                     
00001767  TIMG7_IRQHandler                     
00001767  TIMG8_IRQHandler                     
00001767  UART0_IRQHandler                     
00001767  UART1_IRQHandler                     
00001767  UART2_IRQHandler                     
00001767  UART3_IRQHandler                     
00001769  SYSCFG_DL_SYSCTL_init                
000017f9  SYSCFG_DL_PWM_WS2812_init            
00001875  __TI_decompress_lzss                 
000018f1  memset                               
00001953  __aeabi_idiv0                        
00001955  DL_DMA_initChannel                   
000019a1  DL_SYSCTL_switchMCLKfromSYSOSCtoHSCLK
000019e5  __aeabi_uidiv                        
000019e5  __aeabi_uidivmod                     
00001a25  __TI_auto_init_nobinit_nopinit       
00001a61  SYSCFG_DL_TIMA0_CCP0_init            
00001a91  SYSCFG_DL_initPower                  
00001abd  WS2812_Init                          
00001ae9  WS2812_DMA_IRQHandler                
00001b11  _c_int00_noargs                      
00001b39  SYSCFG_DL_init                       
00001b5d  DL_SYSCTL_configFCC                  
00001b79  DL_Timer_setCaptCompUpdateMethod     
00001b95  DL_Timer_setClockConfig              
00001bb1  WS2812_SetLED                        
00001bcd  DL_Timer_setCaptureCompareOutCtl     
00001be5  SYSCFG_DL_GPIO_init                  
00001bfd  SYSCFG_DL_DMA_init                   
00001c11  __TI_decompress_none                 
00001c25  DL_Timer_setCaptureCompareValue      
00001c35  WS2812_SetNumLEDs                    
00001c45  __TI_zero_init                       
00001c55  WS2812_SetBrightness                 
00001c61  __aeabi_memclr                       
00001c61  __aeabi_memclr4                      
00001c61  __aeabi_memclr8                      
00001c6d  DL_Common_delayCycles                
00001c77  DMA_IRQHandler                       
00001c81  __aeabi_memcpy                       
00001c81  __aeabi_memcpy4                      
00001c81  __aeabi_memcpy8                      
00001c89  abort                                
00001c8e  C$$EXIT                              
00001c8f  HOSTexit                             
00001c93  Reset_Handler                        
00001c97  _system_pre_init                     
00001d08  __TI_Handler_Table_Base              
00001d14  __TI_Handler_Table_Limit             
00001d24  __TI_CINIT_Base                      
00001d34  __TI_CINIT_Limit                     
00001d34  __TI_CINIT_Warm                      
20200000  __start___llvm_prf_bits              
20200000  __start___llvm_prf_cnts              
20200000  __stop___llvm_prf_bits               
20200000  __stop___llvm_prf_cnts               
20200364  gPWM_WS2812Backup                    
20207e00  __stack                              
20208000  __STACK_END                          
ffffffff  __TI_pprof_out_hndl                  
ffffffff  __TI_prof_data_size                  
ffffffff  __TI_prof_data_start                 
ffffffff  __binit__                            
ffffffff  binit                                
UNDEFED   __mpu_init                           
UNDEFED   _system_post_cinit                   

[107 symbols]
